
Allocating common symbols
Common symbol       size              file

kbd_buf             0x6c              build/keyboard.o
root_dir            0x208             build/dir.o
thread_ready_list   0x10              build/thread.o
thread_all_list     0x10              build/thread.o
user_pool           0x2c              build/memory.o
channel_cnt         0x1               build/ide.o
cur_part            0x4               build/fs.o
k_block_descs       0xa8              build/memory.o
idle_thread         0x4               build/thread.o
intr_name           0x204             build/interrupt.o
main_thread         0x4               build/thread.o
channels            0xcc0             build/ide.o
ticks               0x4               build/timer.o
kernel_vaddr        0xc               build/memory.o
syscall_table       0x80              build/syscall-init.o
idt_table           0x204             build/interrupt.o
file_table          0x180             build/file.o
partition_list      0x10              build/ide.o
kernel_pool         0x2c              build/memory.o
pid_lock            0x1c              build/thread.o

Discarded input sections

 .note.GNU-stack
                0x0000000000000000        0x0 build/main.o
 .note.GNU-stack
                0x0000000000000000        0x0 build/init.o
 .note.GNU-stack
                0x0000000000000000        0x0 build/interrupt.o
 .note.GNU-stack
                0x0000000000000000        0x0 build/timer.o
 .note.GNU-stack
                0x0000000000000000        0x0 build/debug.o
 .note.GNU-stack
                0x0000000000000000        0x0 build/memory.o
 .note.GNU-stack
                0x0000000000000000        0x0 build/string.o
 .note.GNU-stack
                0x0000000000000000        0x0 build/bitmap.o
 .note.GNU-stack
                0x0000000000000000        0x0 build/thread.o
 .note.GNU-stack
                0x0000000000000000        0x0 build/list.o
 .note.GNU-stack
                0x0000000000000000        0x0 build/console.o
 .note.GNU-stack
                0x0000000000000000        0x0 build/sync.o
 .note.GNU-stack
                0x0000000000000000        0x0 build/keyboard.o
 .note.GNU-stack
                0x0000000000000000        0x0 build/ioqueue.o
 .note.GNU-stack
                0x0000000000000000        0x0 build/tss.o
 .note.GNU-stack
                0x0000000000000000        0x0 build/process.o
 .note.GNU-stack
                0x0000000000000000        0x0 build/syscall.o
 .note.GNU-stack
                0x0000000000000000        0x0 build/syscall-init.o
 .note.GNU-stack
                0x0000000000000000        0x0 build/stdio.o
 .note.GNU-stack
                0x0000000000000000        0x0 build/stdio-kernel.o
 .note.GNU-stack
                0x0000000000000000        0x0 build/ide.o
 .note.GNU-stack
                0x0000000000000000        0x0 build/fs.o
 .note.GNU-stack
                0x0000000000000000        0x0 build/dir.o
 .note.GNU-stack
                0x0000000000000000        0x0 build/inode.o
 .note.GNU-stack
                0x0000000000000000        0x0 build/file.o

Memory Configuration

Name             Origin             Length             Attributes
*default*        0x0000000000000000 0xffffffffffffffff

Linker script and memory map

Address of section .text set to 0xc0001500
LOAD build/main.o
LOAD build/init.o
LOAD build/interrupt.o
LOAD build/timer.o
LOAD build/kernel.o
LOAD build/print.o
LOAD build/debug.o
LOAD build/memory.o
LOAD build/string.o
LOAD build/bitmap.o
LOAD build/thread.o
LOAD build/list.o
LOAD build/switch.o
LOAD build/console.o
LOAD build/sync.o
LOAD build/keyboard.o
LOAD build/ioqueue.o
LOAD build/tss.o
LOAD build/process.o
LOAD build/syscall.o
LOAD build/syscall-init.o
LOAD build/stdio.o
LOAD build/stdio-kernel.o
LOAD build/ide.o
LOAD build/fs.o
LOAD build/dir.o
LOAD build/inode.o
LOAD build/file.o
                [!provide]                        PROVIDE (__executable_start, 0x8048000)
                0x0000000008048094                . = (0x8048000 + SIZEOF_HEADERS)

.interp
 *(.interp)

.note.gnu.build-id
 *(.note.gnu.build-id)

.hash
 *(.hash)

.gnu.hash
 *(.gnu.hash)

.dynsym
 *(.dynsym)

.dynstr
 *(.dynstr)

.gnu.version
 *(.gnu.version)

.gnu.version_d
 *(.gnu.version_d)

.gnu.version_r
 *(.gnu.version_r)

.rel.dyn        0x0000000008048094        0x0
 *(.rel.init)
 *(.rel.text .rel.text.* .rel.gnu.linkonce.t.*)
 .rel.text      0x0000000008048094        0x0 build/main.o
 *(.rel.fini)
 *(.rel.rodata .rel.rodata.* .rel.gnu.linkonce.r.*)
 *(.rel.data.rel.ro .rel.data.rel.ro.* .rel.gnu.linkonce.d.rel.ro.*)
 *(.rel.data .rel.data.* .rel.gnu.linkonce.d.*)
 *(.rel.tdata .rel.tdata.* .rel.gnu.linkonce.td.*)
 *(.rel.tbss .rel.tbss.* .rel.gnu.linkonce.tb.*)
 *(.rel.ctors)
 *(.rel.dtors)
 *(.rel.got)
 *(.rel.bss .rel.bss.* .rel.gnu.linkonce.b.*)
 *(.rel.ifunc)

.rel.plt        0x0000000008048094        0x0
 *(.rel.plt)
                [!provide]                        PROVIDE (__rel_iplt_start, .)
 *(.rel.iplt)
 .rel.iplt      0x0000000008048094        0x0 build/main.o
                [!provide]                        PROVIDE (__rel_iplt_end, .)

.init
 *(SORT(.init))

.plt            0x00000000080480a0        0x0
 *(.plt)
 *(.iplt)
 .iplt          0x00000000080480a0        0x0 build/main.o

.text           0x00000000c0001500     0x7268
 *(.text.unlikely .text.*_unlikely .text.unlikely.*)
 *(.text.exit .text.exit.*)
 *(.text.startup .text.startup.*)
 *(.text.hot .text.hot.*)
 *(.text .stub .text.* .gnu.linkonce.t.*)
 .text          0x00000000c0001500      0x335 build/main.o
                0x00000000c0001500                main
                0x00000000c00015a5                k_thread_a
                0x00000000c0001661                k_thread_b
                0x00000000c000171d                u_prog_a
                0x00000000c00017a9                u_prog_b
 .text          0x00000000c0001835       0x46 build/init.o
                0x00000000c0001835                init_all
 .text          0x00000000c000187b      0x4a8 build/interrupt.o
                0x00000000c0001c11                idt_init
                0x00000000c0001c73                intr_enable
                0x00000000c0001c9c                intr_disable
                0x00000000c0001cc5                intr_set_status
                0x00000000c0001ce3                intr_get_status
                0x00000000c0001d07                register_handler
 .text          0x00000000c0001d23      0x207 build/timer.o
                0x00000000c0001e54                timer_init
                0x00000000c0001ed8                mtime_sleep
 *fill*         0x00000000c0001f2a        0x6 
 .text          0x00000000c0001f30      0x55b build/kernel.o
                0x00000000c0001f30                intr_exit
                0x00000000c0002467                syscall_handler
 *fill*         0x00000000c000248b        0x5 
 .text          0x00000000c0002490      0x172 build/print.o
                0x00000000c0002490                put_str
                0x00000000c00024ae                put_char
                0x00000000c000257b                put_int
                0x00000000c00025de                set_cursor
 .text          0x00000000c0002602       0xa5 build/debug.o
                0x00000000c0002602                panic_spin
 .text          0x00000000c00026a7     0x1139 build/memory.o
                0x00000000c00027d7                pte_ptr
                0x00000000c0002807                pde_ptr
                0x00000000c00029b8                malloc_page
                0x00000000c0002a82                get_kernel_pages
                0x00000000c0002ade                addr_v2p
                0x00000000c0002ccc                get_user_pages
                0x00000000c0002d22                get_a_page
                0x00000000c0002e9a                block_desc_init
                0x00000000c0002f4f                sys_malloc
                0x00000000c000327e                pfree
                0x00000000c00033c1                mfree_page
                0x00000000c000359e                sys_free
                0x00000000c000379f                mem_init
 .text          0x00000000c00037e0      0x449 build/string.o
                0x00000000c00037e0                memset
                0x00000000c000383c                memcpy
                0x00000000c00038a8                memcmp
                0x00000000c0003938                strcpy
                0x00000000c000399a                strlen
                0x00000000c00039f0                strcmp
                0x00000000c0003a77                strchr
                0x00000000c0003adc                strrchr
                0x00000000c0003b45                strcat
                0x00000000c0003bbc                strchrs
 .text          0x00000000c0003c29      0x266 build/bitmap.o
                0x00000000c0003c29                bitmap_init
                0x00000000c0003c50                bitmap_scan_test
                0x00000000c0003c90                bitmap_scan
                0x00000000c0003dd4                bitmap_set
 .text          0x00000000c0003e8f      0x6df build/thread.o
                0x00000000c0003ea5                running_thread
                0x00000000c0003f09                thread_create
                0x00000000c0003f7d                init_thread
                0x00000000c000406d                thread_start
                0x00000000c00041e8                schedule
                0x00000000c0004304                thread_init
                0x00000000c0004376                thread_block
                0x00000000c00043dd                thread_unblock
                0x00000000c00044e8                thread_yield
 .text          0x00000000c000456e      0x1e3 build/list.o
                0x00000000c000456e                list_init
                0x00000000c000459b                list_insert_before
                0x00000000c00045dc                list_push
                0x00000000c00045f9                list_append
                0x00000000c0004616                list_remove
                0x00000000c000464c                list_pop
                0x00000000c000466b                elem_find
                0x00000000c00046a6                list_traversal
                0x00000000c0004703                list_len
                0x00000000c0004738                list_empty
 *fill*         0x00000000c0004751        0xf 
 .text          0x00000000c0004760       0x15 build/switch.o
                0x00000000c0004760                switch_to
 .text          0x00000000c0004775       0x9a build/console.o
                0x00000000c0004775                console_init
                0x00000000c0004789                console_acquire
                0x00000000c000479d                console_release
                0x00000000c00047b1                console_put_str
                0x00000000c00047ce                console_put_char
                0x00000000c00047f2                console_put_int
 .text          0x00000000c000480f      0x347 build/sync.o
                0x00000000c000480f                sema_init
                0x00000000c0004834                lock_init
                0x00000000c0004865                sema_down
                0x00000000c0004979                sema_up
                0x00000000c0004a2f                lock_acquire
                0x00000000c0004aab                lock_release
 .text          0x00000000c0004b56      0x2df build/keyboard.o
                0x00000000c0004df5                keyboard_init
 .text          0x00000000c0004e35      0x2f0 build/ioqueue.o
                0x00000000c0004e35                ioqueue_init
                0x00000000c0004e90                ioq_full
                0x00000000c0004fc9                ioq_getchar
                0x00000000c0005076                ioq_putchar
 .text          0x00000000c0005125      0x1af build/tss.o
                0x00000000c0005125                update_tss_esp
                0x00000000c00051a6                tss_init
 .text          0x00000000c00052d4      0x365 build/process.o
                0x00000000c00052d4                start_process
                0x00000000c00053da                page_dir_activate
                0x00000000c000540a                process_activate
                0x00000000c000545c                create_page_dir
                0x00000000c00054cd                create_user_vaddr_bitmap
                0x00000000c000550f                process_execute
 .text          0x00000000c0005639       0x6f build/syscall.o
                0x00000000c0005639                getpid
                0x00000000c000564e                write
                0x00000000c000566d                malloc
                0x00000000c000568c                free
 .text          0x00000000c00056a8       0x78 build/syscall-init.o
                0x00000000c00056a8                sys_getpid
                0x00000000c00056ba                sys_write
                0x00000000c00056d8                syscall_init
 .text          0x00000000c0005720      0x2a0 build/stdio.o
                0x00000000c00057a7                vsprintf
                0x00000000c000592a                printf
                0x00000000c000598c                sprintf
 .text          0x00000000c00059c0       0x62 build/stdio-kernel.o
                0x00000000c00059c0                printk
 .text          0x00000000c0005a22      0xe05 build/ide.o
                0x00000000c0005f25                ide_read
                0x00000000c00060b3                ide_write
                0x00000000c0006241                intr_hd_handler
                0x00000000c0006619                ide_init
 .text          0x00000000c0006827      0xece build/fs.o
                0x00000000c0006f88                path_depth_cnt
                0x00000000c00072b2                sys_open
                0x00000000c00074ef                filesys_init
 .text          0x00000000c00076f5      0x771 build/dir.o
                0x00000000c00076f5                open_root_dir
                0x00000000c0007724                dir_open
                0x00000000c000775f                search_dir_entry
                0x00000000c0007941                dir_close
                0x00000000c000796c                create_dir_entry
                0x00000000c00079e2                sync_dir_entry
 .text          0x00000000c0007e66      0x439 build/inode.o
                0x00000000c0007f0a                inode_sync
                0x00000000c000807e                inode_open
                0x00000000c00081d9                inode_close
                0x00000000c000824a                inode_init
 .text          0x00000000c000829f      0x4c9 build/file.o
                0x00000000c000829f                get_free_slot_in_global
                0x00000000c00082ef                pcb_fd_install
                0x00000000c0008358                inode_bitmap_alloc
                0x00000000c00083a6                block_bitmap_alloc
                0x00000000c00083ff                bitmap_sync
                0x00000000c0008493                file_create
 *(.gnu.warning)

.fini
 *(SORT(.fini))
                [!provide]                        PROVIDE (__etext, .)
                [!provide]                        PROVIDE (_etext, .)
                [!provide]                        PROVIDE (etext, .)

.rodata         0x00000000c0008768     0x1683
 *(.rodata .rodata.* .gnu.linkonce.r.*)
 .rodata        0x00000000c0008768       0x8a build/main.o
 .rodata        0x00000000c00087f2        0xa build/init.o
 .rodata        0x00000000c00087fc      0x299 build/interrupt.o
 *fill*         0x00000000c0008a95        0x3 
 .rodata        0x00000000c0008a98       0x87 build/timer.o
 .rodata        0x00000000c0008b1f       0x43 build/debug.o
 *fill*         0x00000000c0008b62        0x2 
 .rodata        0x00000000c0008b64      0x3b0 build/memory.o
 .rodata        0x00000000c0008f14       0xb9 build/string.o
 *fill*         0x00000000c0008fcd        0x3 
 .rodata        0x00000000c0008fd0       0x68 build/bitmap.o
 .rodata        0x00000000c0009038      0x2e1 build/thread.o
 *fill*         0x00000000c0009319        0x3 
 .rodata        0x00000000c000931c      0x12f build/sync.o
 .rodata        0x00000000c000944b       0x36 build/keyboard.o
 *fill*         0x00000000c0009481        0x3 
 .rodata        0x00000000c0009484       0xb9 build/ioqueue.o
 .rodata        0x00000000c000953d       0x27 build/tss.o
 .rodata        0x00000000c0009564       0xdd build/process.o
 .rodata        0x00000000c0009641       0x27 build/syscall-init.o
 .rodata        0x00000000c0009668      0x1c9 build/ide.o
 *fill*         0x00000000c0009831        0x3 
 .rodata        0x00000000c0009834      0x38d build/fs.o
 *fill*         0x00000000c0009bc1        0x3 
 .rodata        0x00000000c0009bc4       0xfd build/dir.o
 *fill*         0x00000000c0009cc1        0x3 
 .rodata        0x00000000c0009cc4       0x6b build/inode.o
 *fill*         0x00000000c0009d2f        0x1 
 .rodata        0x00000000c0009d30       0xbb build/file.o

.rodata1
 *(.rodata1)

.eh_frame_hdr
 *(.eh_frame_hdr)

.eh_frame       0x00000000c0009dec     0x15b4
 *(.eh_frame)
 .eh_frame      0x00000000c0009dec       0xa4 build/main.o
 .eh_frame      0x00000000c0009e90       0x20 build/init.o
                                         0x38 (size before relaxing)
 .eh_frame      0x00000000c0009eb0      0x188 build/interrupt.o
                                        0x1a0 (size before relaxing)
 .eh_frame      0x00000000c000a038       0xcc build/timer.o
                                         0xe4 (size before relaxing)
 .eh_frame      0x00000000c000a104       0x1c build/debug.o
                                         0x34 (size before relaxing)
 .eh_frame      0x00000000c000a120      0x2a0 build/memory.o
                                        0x2b8 (size before relaxing)
 .eh_frame      0x00000000c000a3c0      0x140 build/string.o
                                        0x158 (size before relaxing)
 .eh_frame      0x00000000c000a500       0x8c build/bitmap.o
                                         0xa4 (size before relaxing)
 .eh_frame      0x00000000c000a58c      0x19c build/thread.o
                                        0x1b4 (size before relaxing)
 .eh_frame      0x00000000c000a728      0x140 build/list.o
                                        0x158 (size before relaxing)
 .eh_frame      0x00000000c000a868       0xc0 build/console.o
                                         0xd8 (size before relaxing)
 .eh_frame      0x00000000c000a928       0xc8 build/sync.o
                                         0xe0 (size before relaxing)
 .eh_frame      0x00000000c000a9f0       0x60 build/keyboard.o
                                         0x78 (size before relaxing)
 .eh_frame      0x00000000c000aa50      0x100 build/ioqueue.o
                                        0x118 (size before relaxing)
 .eh_frame      0x00000000c000ab50       0x64 build/tss.o
                                         0x7c (size before relaxing)
 .eh_frame      0x00000000c000abb4       0xc0 build/process.o
                                         0xd8 (size before relaxing)
 .eh_frame      0x00000000c000ac74       0x8c build/syscall.o
                                         0xa4 (size before relaxing)
 .eh_frame      0x00000000c000ad00       0x60 build/syscall-init.o
                                         0x78 (size before relaxing)
 .eh_frame      0x00000000c000ad60       0x94 build/stdio.o
                                         0xac (size before relaxing)
 .eh_frame      0x00000000c000adf4       0x28 build/stdio-kernel.o
                                         0x40 (size before relaxing)
 .eh_frame      0x00000000c000ae1c      0x258 build/ide.o
                                        0x270 (size before relaxing)
 .eh_frame      0x00000000c000b074      0x100 build/fs.o
                                        0x118 (size before relaxing)
 .eh_frame      0x00000000c000b174       0xcc build/dir.o
                                         0xe4 (size before relaxing)
 .eh_frame      0x00000000c000b240       0xa0 build/inode.o
                                         0xb8 (size before relaxing)
 .eh_frame      0x00000000c000b2e0       0xc0 build/file.o
                                         0xd8 (size before relaxing)

.gcc_except_table
 *(.gcc_except_table .gcc_except_table.*)

.exception_ranges
 *(.exception_ranges .exception_ranges*)
                0x00000000c000b3a0                . = (ALIGN (0x1000) - ((0x1000 - .) & 0xfff))
                0x00000000c000d000                . = DATA_SEGMENT_ALIGN (0x1000, 0x1000)

.eh_frame
 *(.eh_frame)

.gcc_except_table
 *(.gcc_except_table .gcc_except_table.*)

.exception_ranges
 *(.exception_ranges .exception_ranges*)

.tdata
 *(.tdata .tdata.* .gnu.linkonce.td.*)

.tbss
 *(.tbss .tbss.* .gnu.linkonce.tb.*)
 *(.tcommon)

.preinit_array  0x00000000c000d000        0x0
                [!provide]                        PROVIDE (__preinit_array_start, .)
 *(.preinit_array)
                [!provide]                        PROVIDE (__preinit_array_end, .)

.init_array     0x00000000c000d000        0x0
                [!provide]                        PROVIDE (__init_array_start, .)
 *(SORT(.init_array.*) SORT(.ctors.*))
 *(.init_array EXCLUDE_FILE(*crtend?.o *crtend.o *crtbegin?.o *crtbegin.o) .ctors)
                [!provide]                        PROVIDE (__init_array_end, .)

.fini_array     0x00000000c000d000        0x0
                [!provide]                        PROVIDE (__fini_array_start, .)
 *(SORT(.fini_array.*) SORT(.dtors.*))
 *(.fini_array EXCLUDE_FILE(*crtend?.o *crtend.o *crtbegin?.o *crtbegin.o) .dtors)
                [!provide]                        PROVIDE (__fini_array_end, .)

.ctors
 *crtbegin.o(.ctors)
 *crtbegin?.o(.ctors)
 *(EXCLUDE_FILE(*crtend?.o *crtend.o) .ctors)
 *(SORT(.ctors.*))
 *(.ctors)

.dtors
 *crtbegin.o(.dtors)
 *crtbegin?.o(.dtors)
 *(EXCLUDE_FILE(*crtend?.o *crtend.o) .dtors)
 *(SORT(.dtors.*))
 *(.dtors)

.jcr
 *(.jcr)

.data.rel.ro
 *(.data.rel.ro.local* .gnu.linkonce.d.rel.ro.local.*)
 *(.data.rel.ro .data.rel.ro.* .gnu.linkonce.d.rel.ro.*)

.dynamic
 *(.dynamic)

.got
 *(.got)
 *(.igot)
                0x00000000c000d000                . = DATA_SEGMENT_RELRO_END (., (SIZEOF (.got.plt) >= 0xc)?0xc:0x0)

.got.plt        0x00000000c000d000        0x0
 *(.got.plt)
 *(.igot.plt)
 .igot.plt      0x00000000c000d000        0x0 build/main.o

.data           0x00000000c000d000      0x156
 *(.data .data.* .gnu.linkonce.d.*)
 .data          0x00000000c000d000        0x0 build/main.o
 .data          0x00000000c000d000        0x0 build/init.o
 .data          0x00000000c000d000        0x0 build/interrupt.o
 .data          0x00000000c000d000        0x0 build/timer.o
 .data          0x00000000c000d000       0xd2 build/kernel.o
                0x00000000c000d012                intr_entry_table
 *fill*         0x00000000c000d0d2        0x2 
 .data          0x00000000c000d0d4        0x8 build/print.o
 .data          0x00000000c000d0dc        0x0 build/debug.o
 .data          0x00000000c000d0dc        0x0 build/memory.o
 .data          0x00000000c000d0dc        0x0 build/string.o
 .data          0x00000000c000d0dc        0x0 build/bitmap.o
 .data          0x00000000c000d0dc        0x0 build/thread.o
 .data          0x00000000c000d0dc        0x0 build/list.o
 .data          0x00000000c000d0dc        0x0 build/console.o
 .data          0x00000000c000d0dc        0x0 build/sync.o
 *fill*         0x00000000c000d0dc        0x4 
 .data          0x00000000c000d0e0       0x76 build/keyboard.o
 .data          0x00000000c000d156        0x0 build/ioqueue.o
 .data          0x00000000c000d156        0x0 build/tss.o
 .data          0x00000000c000d156        0x0 build/process.o
 .data          0x00000000c000d156        0x0 build/syscall.o
 .data          0x00000000c000d156        0x0 build/syscall-init.o
 .data          0x00000000c000d156        0x0 build/stdio.o
 .data          0x00000000c000d156        0x0 build/stdio-kernel.o
 .data          0x00000000c000d156        0x0 build/ide.o
 .data          0x00000000c000d156        0x0 build/fs.o
 .data          0x00000000c000d156        0x0 build/dir.o
 .data          0x00000000c000d156        0x0 build/inode.o
 .data          0x00000000c000d156        0x0 build/file.o

.data1
 *(.data1)
                0x00000000c000d156                _edata = .
                [!provide]                        PROVIDE (edata, .)
                0x00000000c000d156                . = .
                0x00000000c000d156                __bss_start = .

.bss            0x00000000c000d160     0x1c40
 *(.dynbss)
 *(.bss .bss.* .gnu.linkonce.b.*)
 .bss           0x00000000c000d160        0x8 build/main.o
                0x00000000c000d160                prog_a_pid
                0x00000000c000d164                prog_b_pid
 .bss           0x00000000c000d168        0x0 build/init.o
 *fill*         0x00000000c000d168       0x18 
 .bss           0x00000000c000d180      0x408 build/interrupt.o
 .bss           0x00000000c000d588        0x0 build/timer.o
 .bss           0x00000000c000d588        0x0 build/debug.o
 .bss           0x00000000c000d588        0x0 build/memory.o
 .bss           0x00000000c000d588        0x0 build/string.o
 .bss           0x00000000c000d588        0x0 build/bitmap.o
 .bss           0x00000000c000d588        0x6 build/thread.o
 .bss           0x00000000c000d58e        0x0 build/list.o
 *fill*         0x00000000c000d58e        0x2 
 .bss           0x00000000c000d590       0x1c build/console.o
 .bss           0x00000000c000d5ac        0x0 build/sync.o
 .bss           0x00000000c000d5ac       0x14 build/keyboard.o
 .bss           0x00000000c000d5c0        0x0 build/ioqueue.o
 .bss           0x00000000c000d5c0       0x6c build/tss.o
 .bss           0x00000000c000d62c        0x0 build/process.o
 .bss           0x00000000c000d62c        0x0 build/syscall.o
 .bss           0x00000000c000d62c        0x0 build/syscall-init.o
 .bss           0x00000000c000d62c        0x0 build/stdio.o
 .bss           0x00000000c000d62c        0x0 build/stdio-kernel.o
 .bss           0x00000000c000d62c        0x6 build/ide.o
                0x00000000c000d62c                ext_lba_base
                0x00000000c000d630                p_no
                0x00000000c000d631                l_no
 .bss           0x00000000c000d632        0x0 build/fs.o
 .bss           0x00000000c000d632        0x0 build/dir.o
 .bss           0x00000000c000d632        0x0 build/inode.o
 .bss           0x00000000c000d632        0x0 build/file.o
 *(COMMON)
 *fill*         0x00000000c000d632        0xe 
 COMMON         0x00000000c000d640      0x424 build/interrupt.o
                0x00000000c000d640                intr_name
                0x00000000c000d860                idt_table
 COMMON         0x00000000c000da64        0x4 build/timer.o
                0x00000000c000da64                ticks
 *fill*         0x00000000c000da68       0x18 
 COMMON         0x00000000c000da80      0x12c build/memory.o
                0x00000000c000da80                user_pool
                0x00000000c000dac0                k_block_descs
                0x00000000c000db68                kernel_vaddr
                0x00000000c000db80                kernel_pool
 COMMON         0x00000000c000dbac       0x44 build/thread.o
                0x00000000c000dbac                thread_ready_list
                0x00000000c000dbbc                thread_all_list
                0x00000000c000dbcc                idle_thread
                0x00000000c000dbd0                main_thread
                0x00000000c000dbd4                pid_lock
 *fill*         0x00000000c000dbf0       0x10 
 COMMON         0x00000000c000dc00       0x6c build/keyboard.o
                0x00000000c000dc00                kbd_buf
 *fill*         0x00000000c000dc6c       0x14 
 COMMON         0x00000000c000dc80       0x80 build/syscall-init.o
                0x00000000c000dc80                syscall_table
 COMMON         0x00000000c000dd00      0xcf0 build/ide.o
                0x00000000c000dd00                channel_cnt
                0x00000000c000dd20                channels
                0x00000000c000e9e0                partition_list
 COMMON         0x00000000c000e9f0        0x4 build/fs.o
                0x00000000c000e9f0                cur_part
 *fill*         0x00000000c000e9f4        0xc 
 COMMON         0x00000000c000ea00      0x208 build/dir.o
                0x00000000c000ea00                root_dir
 *fill*         0x00000000c000ec08       0x18 
 COMMON         0x00000000c000ec20      0x180 build/file.o
                0x00000000c000ec20                file_table
                0x00000000c000eda0                . = ALIGN ((. != 0x0)?0x4:0x1)
                0x00000000c000eda0                . = ALIGN (0x4)
                0x00000000c000eda0                . = SEGMENT_START ("ldata-segment", .)
                0x00000000c000eda0                . = ALIGN (0x4)
                0x00000000c000eda0                _end = .
                [!provide]                        PROVIDE (end, .)
                0x00000000c000eda0                . = DATA_SEGMENT_END (.)

.stab
 *(.stab)

.stabstr
 *(.stabstr)

.stab.excl
 *(.stab.excl)

.stab.exclstr
 *(.stab.exclstr)

.stab.index
 *(.stab.index)

.stab.indexstr
 *(.stab.indexstr)

.comment        0x0000000000000000       0x2d
 *(.comment)
 .comment       0x0000000000000000       0x2d build/main.o
                                         0x2e (size before relaxing)
 .comment       0x000000000000002d       0x2e build/init.o
 .comment       0x000000000000002d       0x2e build/interrupt.o
 .comment       0x000000000000002d       0x2e build/timer.o
 .comment       0x000000000000002d       0x2e build/debug.o
 .comment       0x000000000000002d       0x2e build/memory.o
 .comment       0x000000000000002d       0x2e build/string.o
 .comment       0x000000000000002d       0x2e build/bitmap.o
 .comment       0x000000000000002d       0x2e build/thread.o
 .comment       0x000000000000002d       0x2e build/list.o
 .comment       0x000000000000002d       0x2e build/console.o
 .comment       0x000000000000002d       0x2e build/sync.o
 .comment       0x000000000000002d       0x2e build/keyboard.o
 .comment       0x000000000000002d       0x2e build/ioqueue.o
 .comment       0x000000000000002d       0x2e build/tss.o
 .comment       0x000000000000002d       0x2e build/process.o
 .comment       0x000000000000002d       0x2e build/syscall.o
 .comment       0x000000000000002d       0x2e build/syscall-init.o
 .comment       0x000000000000002d       0x2e build/stdio.o
 .comment       0x000000000000002d       0x2e build/stdio-kernel.o
 .comment       0x000000000000002d       0x2e build/ide.o
 .comment       0x000000000000002d       0x2e build/fs.o
 .comment       0x000000000000002d       0x2e build/dir.o
 .comment       0x000000000000002d       0x2e build/inode.o
 .comment       0x000000000000002d       0x2e build/file.o

.debug
 *(.debug)

.line
 *(.line)

.debug_srcinfo
 *(.debug_srcinfo)

.debug_sfnames
 *(.debug_sfnames)

.debug_aranges
 *(.debug_aranges)

.debug_pubnames
 *(.debug_pubnames)

.debug_info
 *(.debug_info .gnu.linkonce.wi.*)

.debug_abbrev
 *(.debug_abbrev)

.debug_line
 *(.debug_line .debug_line.* .debug_line_end)

.debug_frame
 *(.debug_frame)

.debug_str
 *(.debug_str)

.debug_loc
 *(.debug_loc)

.debug_macinfo
 *(.debug_macinfo)

.debug_weaknames
 *(.debug_weaknames)

.debug_funcnames
 *(.debug_funcnames)

.debug_typenames
 *(.debug_typenames)

.debug_varnames
 *(.debug_varnames)

.debug_pubtypes
 *(.debug_pubtypes)

.debug_ranges
 *(.debug_ranges)

.debug_macro
 *(.debug_macro)

.gnu.attributes
 *(.gnu.attributes)

/DISCARD/
 *(.note.GNU-stack)
 *(.gnu_debuglink)
 *(.gnu.lto_*)
OUTPUT(build/kernel.bin elf32-i386)
