
Allocating common symbols
Common symbol       size              file

thread_ready_list   0x10              build/thread.o
thread_all_list     0x10              build/thread.o
user_pool           0x10              build/memory.o
intr_name           0x84              build/interrupt.o
main_thread         0x4               build/thread.o
ticks               0x4               build/timer.o
kernel_vaddr        0xc               build/memory.o
idt_table           0x84              build/interrupt.o
kernel_pool         0x10              build/memory.o

Discarded input sections

 .note.GNU-stack
                0x0000000000000000        0x0 build/main.o
 .note.GNU-stack
                0x0000000000000000        0x0 build/init.o
 .note.GNU-stack
                0x0000000000000000        0x0 build/interrupt.o
 .note.GNU-stack
                0x0000000000000000        0x0 build/timer.o
 .note.GNU-stack
                0x0000000000000000        0x0 build/debug.o
 .note.GNU-stack
                0x0000000000000000        0x0 build/memory.o
 .note.GNU-stack
                0x0000000000000000        0x0 build/string.o
 .note.GNU-stack
                0x0000000000000000        0x0 build/bitmap.o
 .note.GNU-stack
                0x0000000000000000        0x0 build/thread.o
 .note.GNU-stack
                0x0000000000000000        0x0 build/list.o
 .note.GNU-stack
                0x0000000000000000        0x0 build/console.o
 .note.GNU-stack
                0x0000000000000000        0x0 build/sync.o

Memory Configuration

Name             Origin             Length             Attributes
*default*        0x0000000000000000 0xffffffffffffffff

Linker script and memory map

Address of section .text set to 0xc0001500
LOAD build/main.o
LOAD build/init.o
LOAD build/interrupt.o
LOAD build/timer.o
LOAD build/kernel.o
LOAD build/print.o
LOAD build/debug.o
LOAD build/memory.o
LOAD build/string.o
LOAD build/bitmap.o
LOAD build/thread.o
LOAD build/list.o
LOAD build/switch.o
LOAD build/console.o
LOAD build/sync.o
                [!provide]                        PROVIDE (__executable_start, 0x8048000)
                0x0000000008048094                . = (0x8048000 + SIZEOF_HEADERS)

.interp
 *(.interp)

.note.gnu.build-id
 *(.note.gnu.build-id)

.hash
 *(.hash)

.gnu.hash
 *(.gnu.hash)

.dynsym
 *(.dynsym)

.dynstr
 *(.dynstr)

.gnu.version
 *(.gnu.version)

.gnu.version_d
 *(.gnu.version_d)

.gnu.version_r
 *(.gnu.version_r)

.rel.dyn        0x0000000008048094        0x0
 *(.rel.init)
 *(.rel.text .rel.text.* .rel.gnu.linkonce.t.*)
 .rel.text      0x0000000008048094        0x0 build/main.o
 *(.rel.fini)
 *(.rel.rodata .rel.rodata.* .rel.gnu.linkonce.r.*)
 *(.rel.data.rel.ro .rel.data.rel.ro.* .rel.gnu.linkonce.d.rel.ro.*)
 *(.rel.data .rel.data.* .rel.gnu.linkonce.d.*)
 *(.rel.tdata .rel.tdata.* .rel.gnu.linkonce.td.*)
 *(.rel.tbss .rel.tbss.* .rel.gnu.linkonce.tb.*)
 *(.rel.ctors)
 *(.rel.dtors)
 *(.rel.got)
 *(.rel.bss .rel.bss.* .rel.gnu.linkonce.b.*)
 *(.rel.ifunc)

.rel.plt        0x0000000008048094        0x0
 *(.rel.plt)
                [!provide]                        PROVIDE (__rel_iplt_start, .)
 *(.rel.iplt)
 .rel.iplt      0x0000000008048094        0x0 build/main.o
                [!provide]                        PROVIDE (__rel_iplt_end, .)

.init
 *(SORT(.init))

.plt            0x00000000080480a0        0x0
 *(.plt)
 *(.iplt)
 .iplt          0x00000000080480a0        0x0 build/main.o

.text           0x00000000c0001500     0x23f6
 *(.text.unlikely .text.*_unlikely .text.unlikely.*)
 *(.text.exit .text.exit.*)
 *(.text.startup .text.startup.*)
 *(.text.hot .text.hot.*)
 *(.text .stub .text.* .gnu.linkonce.t.*)
 .text          0x00000000c0001500       0xa7 build/main.o
                0x00000000c0001500                main
                0x00000000c0001575                k_thread_a
                0x00000000c000158e                k_thread_b
 .text          0x00000000c00015a7       0x2d build/init.o
                0x00000000c00015a7                init_all
 .text          0x00000000c00015d4      0x450 build/interrupt.o
                0x00000000c0001912                idt_init
                0x00000000c0001974                intr_enable
                0x00000000c000199d                intr_disable
                0x00000000c00019c6                intr_set_status
                0x00000000c00019e4                intr_get_status
                0x00000000c0001a08                register_handler
 .text          0x00000000c0001a24      0x18e build/timer.o
                0x00000000c0001b52                timer_init
 *fill*         0x00000000c0001bb2        0xe 
 .text          0x00000000c0001bc0      0x393 build/kernel.o
                0x00000000c0001bc0                intr_exit
 *fill*         0x00000000c0001f53        0xd 
 .text          0x00000000c0001f60      0x172 build/print.o
                0x00000000c0001f60                put_str
                0x00000000c0001f7e                put_char
                0x00000000c000204b                put_int
                0x00000000c00020ae                set_cursor
 .text          0x00000000c00020d2       0xa5 build/debug.o
                0x00000000c00020d2                panic_spin
 .text          0x00000000c0002177      0x558 build/memory.o
                0x00000000c0002201                pte_ptr
                0x00000000c0002231                pde_ptr
                0x00000000c00023e2                malloc_page
                0x00000000c00024ac                get_kernel_pages
                0x00000000c000269a                mem_init
 .text          0x00000000c00026cf      0x449 build/string.o
                0x00000000c00026cf                memset
                0x00000000c000272b                memcpy
                0x00000000c0002797                memcmp
                0x00000000c0002827                strcpy
                0x00000000c0002889                strlen
                0x00000000c00028df                strcmp
                0x00000000c0002966                strchr
                0x00000000c00029cb                strrchr
                0x00000000c0002a34                strcat
                0x00000000c0002aab                strchrs
 .text          0x00000000c0002b18      0x266 build/bitmap.o
                0x00000000c0002b18                bitmap_init
                0x00000000c0002b3f                bitmap_scan_test
                0x00000000c0002b7f                bitmap_scan
                0x00000000c0002cc3                bitmap_set
 .text          0x00000000c0002d7e      0x598 build/thread.o
                0x00000000c0002d7e                running_thread
                0x00000000c0002dab                thread_create
                0x00000000c0002e1f                init_thread
                0x00000000c0002ec4                thread_start
                0x00000000c000303f                schedule
                0x00000000c0003167                thread_init
                0x00000000c00031a4                thread_block
                0x00000000c000320b                thread_unblock
 .text          0x00000000c0003316      0x1e3 build/list.o
                0x00000000c0003316                list_init
                0x00000000c0003343                list_insert_before
                0x00000000c0003384                list_push
                0x00000000c00033a1                list_append
                0x00000000c00033be                list_remove
                0x00000000c00033f4                list_pop
                0x00000000c0003413                elem_find
                0x00000000c000344e                list_traversal
                0x00000000c00034ab                list_len
                0x00000000c00034e0                list_empty
 *fill*         0x00000000c00034f9        0x7 
 .text          0x00000000c0003500       0x15 build/switch.o
                0x00000000c0003500                switch_to
 .text          0x00000000c0003515       0x9a build/console.o
                0x00000000c0003515                console_init
                0x00000000c0003529                console_acquire
                0x00000000c000353d                console_release
                0x00000000c0003551                console_put_str
                0x00000000c000356e                console_put_char
                0x00000000c0003592                console_put_int
 .text          0x00000000c00035af      0x347 build/sync.o
                0x00000000c00035af                sema_init
                0x00000000c00035d4                lock_init
                0x00000000c0003605                sema_down
                0x00000000c0003719                sema_up
                0x00000000c00037cf                lock_acquire
                0x00000000c000384b                lock_release
 *(.gnu.warning)

.fini
 *(SORT(.fini))
                [!provide]                        PROVIDE (__etext, .)
                [!provide]                        PROVIDE (_etext, .)
                [!provide]                        PROVIDE (etext, .)

.rodata         0x00000000c00038f8      0x9c7
 *(.rodata .rodata.* .gnu.linkonce.r.*)
 .rodata        0x00000000c00038f8       0x2f build/main.o
 .rodata        0x00000000c0003927        0xa build/init.o
 *fill*         0x00000000c0003931        0x3 
 .rodata        0x00000000c0003934      0x299 build/interrupt.o
 *fill*         0x00000000c0003bcd        0x3 
 .rodata        0x00000000c0003bd0       0x6b build/timer.o
 .rodata        0x00000000c0003c3b       0x43 build/debug.o
 .rodata        0x00000000c0003c7e      0x12a build/memory.o
 .rodata        0x00000000c0003da8       0xb9 build/string.o
 *fill*         0x00000000c0003e61        0x3 
 .rodata        0x00000000c0003e64       0x68 build/bitmap.o
 .rodata        0x00000000c0003ecc      0x2c3 build/thread.o
 *fill*         0x00000000c000418f        0x1 
 .rodata        0x00000000c0004190      0x12f build/sync.o

.rodata1
 *(.rodata1)

.eh_frame_hdr
 *(.eh_frame_hdr)

.eh_frame       0x00000000c00042c0      0x9b0
 *(.eh_frame)
 .eh_frame      0x00000000c00042c0       0x6c build/main.o
 .eh_frame      0x00000000c000432c       0x20 build/init.o
                                         0x38 (size before relaxing)
 .eh_frame      0x00000000c000434c      0x188 build/interrupt.o
                                        0x1a0 (size before relaxing)
 .eh_frame      0x00000000c00044d4       0x8c build/timer.o
                                         0xa4 (size before relaxing)
 .eh_frame      0x00000000c0004560       0x1c build/debug.o
                                         0x34 (size before relaxing)
 .eh_frame      0x00000000c000457c      0x120 build/memory.o
                                        0x138 (size before relaxing)
 .eh_frame      0x00000000c000469c      0x140 build/string.o
                                        0x158 (size before relaxing)
 .eh_frame      0x00000000c00047dc       0x8c build/bitmap.o
                                         0xa4 (size before relaxing)
 .eh_frame      0x00000000c0004868      0x140 build/thread.o
                                        0x158 (size before relaxing)
 .eh_frame      0x00000000c00049a8      0x140 build/list.o
                                        0x158 (size before relaxing)
 .eh_frame      0x00000000c0004ae8       0xc0 build/console.o
                                         0xd8 (size before relaxing)
 .eh_frame      0x00000000c0004ba8       0xc8 build/sync.o
                                         0xe0 (size before relaxing)

.gcc_except_table
 *(.gcc_except_table .gcc_except_table.*)

.exception_ranges
 *(.exception_ranges .exception_ranges*)
                0x00000000c0004c70                . = (ALIGN (0x1000) - ((0x1000 - .) & 0xfff))
                0x00000000c0006000                . = DATA_SEGMENT_ALIGN (0x1000, 0x1000)

.eh_frame
 *(.eh_frame)

.gcc_except_table
 *(.gcc_except_table .gcc_except_table.*)

.exception_ranges
 *(.exception_ranges .exception_ranges*)

.tdata
 *(.tdata .tdata.* .gnu.linkonce.td.*)

.tbss
 *(.tbss .tbss.* .gnu.linkonce.tb.*)
 *(.tcommon)

.preinit_array  0x00000000c0006000        0x0
                [!provide]                        PROVIDE (__preinit_array_start, .)
 *(.preinit_array)
                [!provide]                        PROVIDE (__preinit_array_end, .)

.init_array     0x00000000c0006000        0x0
                [!provide]                        PROVIDE (__init_array_start, .)
 *(SORT(.init_array.*) SORT(.ctors.*))
 *(.init_array EXCLUDE_FILE(*crtend?.o *crtend.o *crtbegin?.o *crtbegin.o) .ctors)
                [!provide]                        PROVIDE (__init_array_end, .)

.fini_array     0x00000000c0006000        0x0
                [!provide]                        PROVIDE (__fini_array_start, .)
 *(SORT(.fini_array.*) SORT(.dtors.*))
 *(.fini_array EXCLUDE_FILE(*crtend?.o *crtend.o *crtbegin?.o *crtbegin.o) .dtors)
                [!provide]                        PROVIDE (__fini_array_end, .)

.ctors
 *crtbegin.o(.ctors)
 *crtbegin?.o(.ctors)
 *(EXCLUDE_FILE(*crtend?.o *crtend.o) .ctors)
 *(SORT(.ctors.*))
 *(.ctors)

.dtors
 *crtbegin.o(.dtors)
 *crtbegin?.o(.dtors)
 *(EXCLUDE_FILE(*crtend?.o *crtend.o) .dtors)
 *(SORT(.dtors.*))
 *(.dtors)

.jcr
 *(.jcr)

.data.rel.ro
 *(.data.rel.ro.local* .gnu.linkonce.d.rel.ro.local.*)
 *(.data.rel.ro .data.rel.ro.* .gnu.linkonce.d.rel.ro.*)

.dynamic
 *(.dynamic)

.got
 *(.got)
 *(.igot)
                0x00000000c0006000                . = DATA_SEGMENT_RELRO_END (., (SIZEOF (.got.plt) >= 0xc)?0xc:0x0)

.got.plt        0x00000000c0006000        0x0
 *(.got.plt)
 *(.igot.plt)
 .igot.plt      0x00000000c0006000        0x0 build/main.o

.data           0x00000000c0006000       0xa0
 *(.data .data.* .gnu.linkonce.d.*)
 .data          0x00000000c0006000        0x0 build/main.o
 .data          0x00000000c0006000        0x0 build/init.o
 .data          0x00000000c0006000        0x0 build/interrupt.o
 .data          0x00000000c0006000        0x0 build/timer.o
 .data          0x00000000c0006000       0x96 build/kernel.o
                0x00000000c0006012                intr_entry_table
 *fill*         0x00000000c0006096        0x2 
 .data          0x00000000c0006098        0x8 build/print.o
 .data          0x00000000c00060a0        0x0 build/debug.o
 .data          0x00000000c00060a0        0x0 build/memory.o
 .data          0x00000000c00060a0        0x0 build/string.o
 .data          0x00000000c00060a0        0x0 build/bitmap.o
 .data          0x00000000c00060a0        0x0 build/thread.o
 .data          0x00000000c00060a0        0x0 build/list.o
 .data          0x00000000c00060a0        0x0 build/console.o
 .data          0x00000000c00060a0        0x0 build/sync.o

.data1
 *(.data1)
                0x00000000c00060a0                _edata = .
                [!provide]                        PROVIDE (edata, .)
                0x00000000c00060a0                . = .
                0x00000000c00060a0                __bss_start = .

.bss            0x00000000c00060a0      0x2b8
 *(.dynbss)
 *(.bss .bss.* .gnu.linkonce.b.*)
 .bss           0x00000000c00060a0        0x0 build/main.o
 .bss           0x00000000c00060a0        0x0 build/init.o
 .bss           0x00000000c00060a0      0x108 build/interrupt.o
 .bss           0x00000000c00061a8        0x0 build/timer.o
 .bss           0x00000000c00061a8        0x0 build/debug.o
 .bss           0x00000000c00061a8        0x0 build/memory.o
 .bss           0x00000000c00061a8        0x0 build/string.o
 .bss           0x00000000c00061a8        0x0 build/bitmap.o
 .bss           0x00000000c00061a8        0x4 build/thread.o
 .bss           0x00000000c00061ac        0x0 build/list.o
 .bss           0x00000000c00061ac       0x1c build/console.o
 .bss           0x00000000c00061c8        0x0 build/sync.o
 *(COMMON)
 *fill*         0x00000000c00061c8       0x18 
 COMMON         0x00000000c00061e0      0x124 build/interrupt.o
                0x00000000c00061e0                intr_name
                0x00000000c0006280                idt_table
 COMMON         0x00000000c0006304        0x4 build/timer.o
                0x00000000c0006304                ticks
 COMMON         0x00000000c0006308       0x2c build/memory.o
                0x00000000c0006308                user_pool
                0x00000000c0006318                kernel_vaddr
                0x00000000c0006324                kernel_pool
 COMMON         0x00000000c0006334       0x24 build/thread.o
                0x00000000c0006334                thread_ready_list
                0x00000000c0006344                thread_all_list
                0x00000000c0006354                main_thread
                0x00000000c0006358                . = ALIGN ((. != 0x0)?0x4:0x1)
                0x00000000c0006358                . = ALIGN (0x4)
                0x00000000c0006358                . = SEGMENT_START ("ldata-segment", .)
                0x00000000c0006358                . = ALIGN (0x4)
                0x00000000c0006358                _end = .
                [!provide]                        PROVIDE (end, .)
                0x00000000c0006358                . = DATA_SEGMENT_END (.)

.stab
 *(.stab)

.stabstr
 *(.stabstr)

.stab.excl
 *(.stab.excl)

.stab.exclstr
 *(.stab.exclstr)

.stab.index
 *(.stab.index)

.stab.indexstr
 *(.stab.indexstr)

.comment        0x0000000000000000       0x2d
 *(.comment)
 .comment       0x0000000000000000       0x2d build/main.o
                                         0x2e (size before relaxing)
 .comment       0x000000000000002d       0x2e build/init.o
 .comment       0x000000000000002d       0x2e build/interrupt.o
 .comment       0x000000000000002d       0x2e build/timer.o
 .comment       0x000000000000002d       0x2e build/debug.o
 .comment       0x000000000000002d       0x2e build/memory.o
 .comment       0x000000000000002d       0x2e build/string.o
 .comment       0x000000000000002d       0x2e build/bitmap.o
 .comment       0x000000000000002d       0x2e build/thread.o
 .comment       0x000000000000002d       0x2e build/list.o
 .comment       0x000000000000002d       0x2e build/console.o
 .comment       0x000000000000002d       0x2e build/sync.o

.debug
 *(.debug)

.line
 *(.line)

.debug_srcinfo
 *(.debug_srcinfo)

.debug_sfnames
 *(.debug_sfnames)

.debug_aranges
 *(.debug_aranges)

.debug_pubnames
 *(.debug_pubnames)

.debug_info
 *(.debug_info .gnu.linkonce.wi.*)

.debug_abbrev
 *(.debug_abbrev)

.debug_line
 *(.debug_line .debug_line.* .debug_line_end)

.debug_frame
 *(.debug_frame)

.debug_str
 *(.debug_str)

.debug_loc
 *(.debug_loc)

.debug_macinfo
 *(.debug_macinfo)

.debug_weaknames
 *(.debug_weaknames)

.debug_funcnames
 *(.debug_funcnames)

.debug_typenames
 *(.debug_typenames)

.debug_varnames
 *(.debug_varnames)

.debug_pubtypes
 *(.debug_pubtypes)

.debug_ranges
 *(.debug_ranges)

.debug_macro
 *(.debug_macro)

.gnu.attributes
 *(.gnu.attributes)

/DISCARD/
 *(.note.GNU-stack)
 *(.gnu_debuglink)
 *(.gnu.lto_*)
OUTPUT(build/kernel.bin elf32-i386)
