
Allocating common symbols
Common symbol       size              file

kbd_buf             0x6c              build/keyboard.o
thread_ready_list   0x10              build/thread.o
thread_all_list     0x10              build/thread.o
user_pool           0x2c              build/memory.o
k_block_descs       0xa8              build/memory.o
intr_name           0x204             build/interrupt.o
main_thread         0x4               build/thread.o
ticks               0x4               build/timer.o
kernel_vaddr        0xc               build/memory.o
syscall_table       0x80              build/syscall-init.o
idt_table           0x204             build/interrupt.o
kernel_pool         0x2c              build/memory.o
pid_lock            0x1c              build/thread.o

Discarded input sections

 .note.GNU-stack
                0x0000000000000000        0x0 build/main.o
 .note.GNU-stack
                0x0000000000000000        0x0 build/init.o
 .note.GNU-stack
                0x0000000000000000        0x0 build/interrupt.o
 .note.GNU-stack
                0x0000000000000000        0x0 build/timer.o
 .note.GNU-stack
                0x0000000000000000        0x0 build/debug.o
 .note.GNU-stack
                0x0000000000000000        0x0 build/memory.o
 .note.GNU-stack
                0x0000000000000000        0x0 build/string.o
 .note.GNU-stack
                0x0000000000000000        0x0 build/bitmap.o
 .note.GNU-stack
                0x0000000000000000        0x0 build/thread.o
 .note.GNU-stack
                0x0000000000000000        0x0 build/list.o
 .note.GNU-stack
                0x0000000000000000        0x0 build/console.o
 .note.GNU-stack
                0x0000000000000000        0x0 build/sync.o
 .note.GNU-stack
                0x0000000000000000        0x0 build/keyboard.o
 .note.GNU-stack
                0x0000000000000000        0x0 build/ioqueue.o
 .note.GNU-stack
                0x0000000000000000        0x0 build/tss.o
 .note.GNU-stack
                0x0000000000000000        0x0 build/process.o
 .note.GNU-stack
                0x0000000000000000        0x0 build/syscall.o
 .note.GNU-stack
                0x0000000000000000        0x0 build/syscall-init.o
 .note.GNU-stack
                0x0000000000000000        0x0 build/stdio.o

Memory Configuration

Name             Origin             Length             Attributes
*default*        0x0000000000000000 0xffffffffffffffff

Linker script and memory map

Address of section .text set to 0xc0001500
LOAD build/main.o
LOAD build/init.o
LOAD build/interrupt.o
LOAD build/timer.o
LOAD build/kernel.o
LOAD build/print.o
LOAD build/debug.o
LOAD build/memory.o
LOAD build/string.o
LOAD build/bitmap.o
LOAD build/thread.o
LOAD build/list.o
LOAD build/switch.o
LOAD build/console.o
LOAD build/sync.o
LOAD build/keyboard.o
LOAD build/ioqueue.o
LOAD build/tss.o
LOAD build/process.o
LOAD build/syscall.o
LOAD build/syscall-init.o
LOAD build/stdio.o
                [!provide]                        PROVIDE (__executable_start, 0x8048000)
                0x0000000008048094                . = (0x8048000 + SIZEOF_HEADERS)

.interp
 *(.interp)

.note.gnu.build-id
 *(.note.gnu.build-id)

.hash
 *(.hash)

.gnu.hash
 *(.gnu.hash)

.dynsym
 *(.dynsym)

.dynstr
 *(.dynstr)

.gnu.version
 *(.gnu.version)

.gnu.version_d
 *(.gnu.version_d)

.gnu.version_r
 *(.gnu.version_r)

.rel.dyn        0x0000000008048094        0x0
 *(.rel.init)
 *(.rel.text .rel.text.* .rel.gnu.linkonce.t.*)
 .rel.text      0x0000000008048094        0x0 build/main.o
 *(.rel.fini)
 *(.rel.rodata .rel.rodata.* .rel.gnu.linkonce.r.*)
 *(.rel.data.rel.ro .rel.data.rel.ro.* .rel.gnu.linkonce.d.rel.ro.*)
 *(.rel.data .rel.data.* .rel.gnu.linkonce.d.*)
 *(.rel.tdata .rel.tdata.* .rel.gnu.linkonce.td.*)
 *(.rel.tbss .rel.tbss.* .rel.gnu.linkonce.tb.*)
 *(.rel.ctors)
 *(.rel.dtors)
 *(.rel.got)
 *(.rel.bss .rel.bss.* .rel.gnu.linkonce.b.*)
 *(.rel.ifunc)

.rel.plt        0x0000000008048094        0x0
 *(.rel.plt)
                [!provide]                        PROVIDE (__rel_iplt_start, .)
 *(.rel.iplt)
 .rel.iplt      0x0000000008048094        0x0 build/main.o
                [!provide]                        PROVIDE (__rel_iplt_end, .)

.init
 *(SORT(.init))

.plt            0x00000000080480a0        0x0
 *(.plt)
 *(.iplt)
 .iplt          0x00000000080480a0        0x0 build/main.o

.text           0x00000000c0001500     0x4300
 *(.text.unlikely .text.*_unlikely .text.unlikely.*)
 *(.text.exit .text.exit.*)
 *(.text.startup .text.startup.*)
 *(.text.hot .text.hot.*)
 *(.text .stub .text.* .gnu.linkonce.t.*)
 .text          0x00000000c0001500      0x321 build/main.o
                0x00000000c0001500                main
                0x00000000c0001591                k_thread_a
                0x00000000c000164d                k_thread_b
                0x00000000c0001709                u_prog_a
                0x00000000c0001795                u_prog_b
 .text          0x00000000c0001821       0x3c build/init.o
                0x00000000c0001821                init_all
 .text          0x00000000c000185d      0x480 build/interrupt.o
                0x00000000c0001bcb                idt_init
                0x00000000c0001c2d                intr_enable
                0x00000000c0001c56                intr_disable
                0x00000000c0001c7f                intr_set_status
                0x00000000c0001c9d                intr_get_status
                0x00000000c0001cc1                register_handler
 .text          0x00000000c0001cdd      0x191 build/timer.o
                0x00000000c0001e0e                timer_init
 *fill*         0x00000000c0001e6e        0x2 
 .text          0x00000000c0001e70      0x55b build/kernel.o
                0x00000000c0001e70                intr_exit
                0x00000000c00023a7                syscall_handler
 *fill*         0x00000000c00023cb        0x5 
 .text          0x00000000c00023d0      0x172 build/print.o
                0x00000000c00023d0                put_str
                0x00000000c00023ee                put_char
                0x00000000c00024bb                put_int
                0x00000000c000251e                set_cursor
 .text          0x00000000c0002542       0xa5 build/debug.o
                0x00000000c0002542                panic_spin
 .text          0x00000000c00025e7     0x1139 build/memory.o
                0x00000000c0002717                pte_ptr
                0x00000000c0002747                pde_ptr
                0x00000000c00028f8                malloc_page
                0x00000000c00029c2                get_kernel_pages
                0x00000000c0002a1e                addr_v2p
                0x00000000c0002c0c                get_user_pages
                0x00000000c0002c62                get_a_page
                0x00000000c0002dda                block_desc_init
                0x00000000c0002e8f                sys_malloc
                0x00000000c00031be                pfree
                0x00000000c0003301                mfree_page
                0x00000000c00034de                sys_free
                0x00000000c00036df                mem_init
 .text          0x00000000c0003720      0x449 build/string.o
                0x00000000c0003720                memset
                0x00000000c000377c                memcpy
                0x00000000c00037e8                memcmp
                0x00000000c0003878                strcpy
                0x00000000c00038da                strlen
                0x00000000c0003930                strcmp
                0x00000000c00039b7                strchr
                0x00000000c0003a1c                strrchr
                0x00000000c0003a85                strcat
                0x00000000c0003afc                strchrs
 .text          0x00000000c0003b69      0x266 build/bitmap.o
                0x00000000c0003b69                bitmap_init
                0x00000000c0003b90                bitmap_scan_test
                0x00000000c0003bd0                bitmap_scan
                0x00000000c0003d14                bitmap_set
 .text          0x00000000c0003dcf      0x5eb build/thread.o
                0x00000000c0003dcf                running_thread
                0x00000000c0003e33                thread_create
                0x00000000c0003ea7                init_thread
                0x00000000c0003f51                thread_start
                0x00000000c00040cc                schedule
                0x00000000c00041ff                thread_init
                0x00000000c0004248                thread_block
                0x00000000c00042af                thread_unblock
 .text          0x00000000c00043ba      0x1e3 build/list.o
                0x00000000c00043ba                list_init
                0x00000000c00043e7                list_insert_before
                0x00000000c0004428                list_push
                0x00000000c0004445                list_append
                0x00000000c0004462                list_remove
                0x00000000c0004498                list_pop
                0x00000000c00044b7                elem_find
                0x00000000c00044f2                list_traversal
                0x00000000c000454f                list_len
                0x00000000c0004584                list_empty
 *fill*         0x00000000c000459d        0x3 
 .text          0x00000000c00045a0       0x15 build/switch.o
                0x00000000c00045a0                switch_to
 .text          0x00000000c00045b5       0x9a build/console.o
                0x00000000c00045b5                console_init
                0x00000000c00045c9                console_acquire
                0x00000000c00045dd                console_release
                0x00000000c00045f1                console_put_str
                0x00000000c000460e                console_put_char
                0x00000000c0004632                console_put_int
 .text          0x00000000c000464f      0x347 build/sync.o
                0x00000000c000464f                sema_init
                0x00000000c0004674                lock_init
                0x00000000c00046a5                sema_down
                0x00000000c00047b9                sema_up
                0x00000000c000486f                lock_acquire
                0x00000000c00048eb                lock_release
 .text          0x00000000c0004996      0x2df build/keyboard.o
                0x00000000c0004c35                keyboard_init
 .text          0x00000000c0004c75      0x2f0 build/ioqueue.o
                0x00000000c0004c75                ioqueue_init
                0x00000000c0004cd0                ioq_full
                0x00000000c0004e09                ioq_getchar
                0x00000000c0004eb6                ioq_putchar
 .text          0x00000000c0004f65      0x1af build/tss.o
                0x00000000c0004f65                update_tss_esp
                0x00000000c0004fe6                tss_init
 .text          0x00000000c0005114      0x365 build/process.o
                0x00000000c0005114                start_process
                0x00000000c000521a                page_dir_activate
                0x00000000c000524a                process_activate
                0x00000000c000529c                create_page_dir
                0x00000000c000530d                create_user_vaddr_bitmap
                0x00000000c000534f                process_execute
 .text          0x00000000c0005479       0x6f build/syscall.o
                0x00000000c0005479                getpid
                0x00000000c000548e                write
                0x00000000c00054ad                malloc
                0x00000000c00054cc                free
 .text          0x00000000c00054e8       0x78 build/syscall-init.o
                0x00000000c00054e8                sys_getpid
                0x00000000c00054fa                sys_write
                0x00000000c0005518                syscall_init
 .text          0x00000000c0005560      0x2a0 build/stdio.o
                0x00000000c00055e7                vsprintf
                0x00000000c000576a                printf
                0x00000000c00057cc                sprintf
 *(.gnu.warning)

.fini
 *(SORT(.fini))
                [!provide]                        PROVIDE (__etext, .)
                [!provide]                        PROVIDE (_etext, .)
                [!provide]                        PROVIDE (etext, .)

.rodata         0x00000000c0005800      0xebc
 *(.rodata .rodata.* .gnu.linkonce.r.*)
 .rodata        0x00000000c0005800       0x82 build/main.o
 .rodata        0x00000000c0005882        0xa build/init.o
 .rodata        0x00000000c000588c      0x299 build/interrupt.o
 *fill*         0x00000000c0005b25        0x3 
 .rodata        0x00000000c0005b28       0x6b build/timer.o
 .rodata        0x00000000c0005b93       0x43 build/debug.o
 *fill*         0x00000000c0005bd6        0x2 
 .rodata        0x00000000c0005bd8      0x3b0 build/memory.o
 .rodata        0x00000000c0005f88       0xb9 build/string.o
 *fill*         0x00000000c0006041        0x3 
 .rodata        0x00000000c0006044       0x68 build/bitmap.o
 .rodata        0x00000000c00060ac      0x2c3 build/thread.o
 *fill*         0x00000000c000636f        0x1 
 .rodata        0x00000000c0006370      0x12f build/sync.o
 .rodata        0x00000000c000649f       0x36 build/keyboard.o
 *fill*         0x00000000c00064d5        0x3 
 .rodata        0x00000000c00064d8       0xb9 build/ioqueue.o
 .rodata        0x00000000c0006591       0x27 build/tss.o
 .rodata        0x00000000c00065b8       0xdd build/process.o
 .rodata        0x00000000c0006695       0x27 build/syscall-init.o

.rodata1
 *(.rodata1)

.eh_frame_hdr
 *(.eh_frame_hdr)

.eh_frame       0x00000000c00066bc      0xf8c
 *(.eh_frame)
 .eh_frame      0x00000000c00066bc       0xa4 build/main.o
 .eh_frame      0x00000000c0006760       0x20 build/init.o
                                         0x38 (size before relaxing)
 .eh_frame      0x00000000c0006780      0x188 build/interrupt.o
                                        0x1a0 (size before relaxing)
 .eh_frame      0x00000000c0006908       0x8c build/timer.o
                                         0xa4 (size before relaxing)
 .eh_frame      0x00000000c0006994       0x1c build/debug.o
                                         0x34 (size before relaxing)
 .eh_frame      0x00000000c00069b0      0x2a0 build/memory.o
                                        0x2b8 (size before relaxing)
 .eh_frame      0x00000000c0006c50      0x140 build/string.o
                                        0x158 (size before relaxing)
 .eh_frame      0x00000000c0006d90       0x8c build/bitmap.o
                                         0xa4 (size before relaxing)
 .eh_frame      0x00000000c0006e1c      0x160 build/thread.o
                                        0x178 (size before relaxing)
 .eh_frame      0x00000000c0006f7c      0x140 build/list.o
                                        0x158 (size before relaxing)
 .eh_frame      0x00000000c00070bc       0xc0 build/console.o
                                         0xd8 (size before relaxing)
 .eh_frame      0x00000000c000717c       0xc8 build/sync.o
                                         0xe0 (size before relaxing)
 .eh_frame      0x00000000c0007244       0x60 build/keyboard.o
                                         0x78 (size before relaxing)
 .eh_frame      0x00000000c00072a4      0x100 build/ioqueue.o
                                        0x118 (size before relaxing)
 .eh_frame      0x00000000c00073a4       0x64 build/tss.o
                                         0x7c (size before relaxing)
 .eh_frame      0x00000000c0007408       0xc0 build/process.o
                                         0xd8 (size before relaxing)
 .eh_frame      0x00000000c00074c8       0x8c build/syscall.o
                                         0xa4 (size before relaxing)
 .eh_frame      0x00000000c0007554       0x60 build/syscall-init.o
                                         0x78 (size before relaxing)
 .eh_frame      0x00000000c00075b4       0x94 build/stdio.o
                                         0xac (size before relaxing)

.gcc_except_table
 *(.gcc_except_table .gcc_except_table.*)

.exception_ranges
 *(.exception_ranges .exception_ranges*)
                0x00000000c0007648                . = (ALIGN (0x1000) - ((0x1000 - .) & 0xfff))
                0x00000000c0009000                . = DATA_SEGMENT_ALIGN (0x1000, 0x1000)

.eh_frame
 *(.eh_frame)

.gcc_except_table
 *(.gcc_except_table .gcc_except_table.*)

.exception_ranges
 *(.exception_ranges .exception_ranges*)

.tdata
 *(.tdata .tdata.* .gnu.linkonce.td.*)

.tbss
 *(.tbss .tbss.* .gnu.linkonce.tb.*)
 *(.tcommon)

.preinit_array  0x00000000c0009000        0x0
                [!provide]                        PROVIDE (__preinit_array_start, .)
 *(.preinit_array)
                [!provide]                        PROVIDE (__preinit_array_end, .)

.init_array     0x00000000c0009000        0x0
                [!provide]                        PROVIDE (__init_array_start, .)
 *(SORT(.init_array.*) SORT(.ctors.*))
 *(.init_array EXCLUDE_FILE(*crtend?.o *crtend.o *crtbegin?.o *crtbegin.o) .ctors)
                [!provide]                        PROVIDE (__init_array_end, .)

.fini_array     0x00000000c0009000        0x0
                [!provide]                        PROVIDE (__fini_array_start, .)
 *(SORT(.fini_array.*) SORT(.dtors.*))
 *(.fini_array EXCLUDE_FILE(*crtend?.o *crtend.o *crtbegin?.o *crtbegin.o) .dtors)
                [!provide]                        PROVIDE (__fini_array_end, .)

.ctors
 *crtbegin.o(.ctors)
 *crtbegin?.o(.ctors)
 *(EXCLUDE_FILE(*crtend?.o *crtend.o) .ctors)
 *(SORT(.ctors.*))
 *(.ctors)

.dtors
 *crtbegin.o(.dtors)
 *crtbegin?.o(.dtors)
 *(EXCLUDE_FILE(*crtend?.o *crtend.o) .dtors)
 *(SORT(.dtors.*))
 *(.dtors)

.jcr
 *(.jcr)

.data.rel.ro
 *(.data.rel.ro.local* .gnu.linkonce.d.rel.ro.local.*)
 *(.data.rel.ro .data.rel.ro.* .gnu.linkonce.d.rel.ro.*)

.dynamic
 *(.dynamic)

.got
 *(.got)
 *(.igot)
                0x00000000c0009000                . = DATA_SEGMENT_RELRO_END (., (SIZEOF (.got.plt) >= 0xc)?0xc:0x0)

.got.plt        0x00000000c0009000        0x0
 *(.got.plt)
 *(.igot.plt)
 .igot.plt      0x00000000c0009000        0x0 build/main.o

.data           0x00000000c0009000      0x156
 *(.data .data.* .gnu.linkonce.d.*)
 .data          0x00000000c0009000        0x0 build/main.o
 .data          0x00000000c0009000        0x0 build/init.o
 .data          0x00000000c0009000        0x0 build/interrupt.o
 .data          0x00000000c0009000        0x0 build/timer.o
 .data          0x00000000c0009000       0xd2 build/kernel.o
                0x00000000c0009012                intr_entry_table
 *fill*         0x00000000c00090d2        0x2 
 .data          0x00000000c00090d4        0x8 build/print.o
 .data          0x00000000c00090dc        0x0 build/debug.o
 .data          0x00000000c00090dc        0x0 build/memory.o
 .data          0x00000000c00090dc        0x0 build/string.o
 .data          0x00000000c00090dc        0x0 build/bitmap.o
 .data          0x00000000c00090dc        0x0 build/thread.o
 .data          0x00000000c00090dc        0x0 build/list.o
 .data          0x00000000c00090dc        0x0 build/console.o
 .data          0x00000000c00090dc        0x0 build/sync.o
 *fill*         0x00000000c00090dc        0x4 
 .data          0x00000000c00090e0       0x76 build/keyboard.o
 .data          0x00000000c0009156        0x0 build/ioqueue.o
 .data          0x00000000c0009156        0x0 build/tss.o
 .data          0x00000000c0009156        0x0 build/process.o
 .data          0x00000000c0009156        0x0 build/syscall.o
 .data          0x00000000c0009156        0x0 build/syscall-init.o
 .data          0x00000000c0009156        0x0 build/stdio.o

.data1
 *(.data1)
                0x00000000c0009156                _edata = .
                [!provide]                        PROVIDE (edata, .)
                0x00000000c0009156                . = .
                0x00000000c0009156                __bss_start = .

.bss            0x00000000c0009160      0xba0
 *(.dynbss)
 *(.bss .bss.* .gnu.linkonce.b.*)
 .bss           0x00000000c0009160        0x8 build/main.o
                0x00000000c0009160                prog_a_pid
                0x00000000c0009164                prog_b_pid
 .bss           0x00000000c0009168        0x0 build/init.o
 *fill*         0x00000000c0009168       0x18 
 .bss           0x00000000c0009180      0x408 build/interrupt.o
 .bss           0x00000000c0009588        0x0 build/timer.o
 .bss           0x00000000c0009588        0x0 build/debug.o
 .bss           0x00000000c0009588        0x0 build/memory.o
 .bss           0x00000000c0009588        0x0 build/string.o
 .bss           0x00000000c0009588        0x0 build/bitmap.o
 .bss           0x00000000c0009588        0x6 build/thread.o
 .bss           0x00000000c000958e        0x0 build/list.o
 *fill*         0x00000000c000958e        0x2 
 .bss           0x00000000c0009590       0x1c build/console.o
 .bss           0x00000000c00095ac        0x0 build/sync.o
 .bss           0x00000000c00095ac       0x14 build/keyboard.o
 .bss           0x00000000c00095c0        0x0 build/ioqueue.o
 .bss           0x00000000c00095c0       0x6c build/tss.o
 .bss           0x00000000c000962c        0x0 build/process.o
 .bss           0x00000000c000962c        0x0 build/syscall.o
 .bss           0x00000000c000962c        0x0 build/syscall-init.o
 .bss           0x00000000c000962c        0x0 build/stdio.o
 *(COMMON)
 *fill*         0x00000000c000962c       0x14 
 COMMON         0x00000000c0009640      0x424 build/interrupt.o
                0x00000000c0009640                intr_name
                0x00000000c0009860                idt_table
 COMMON         0x00000000c0009a64        0x4 build/timer.o
                0x00000000c0009a64                ticks
 *fill*         0x00000000c0009a68       0x18 
 COMMON         0x00000000c0009a80      0x12c build/memory.o
                0x00000000c0009a80                user_pool
                0x00000000c0009ac0                k_block_descs
                0x00000000c0009b68                kernel_vaddr
                0x00000000c0009b80                kernel_pool
 COMMON         0x00000000c0009bac       0x40 build/thread.o
                0x00000000c0009bac                thread_ready_list
                0x00000000c0009bbc                thread_all_list
                0x00000000c0009bcc                main_thread
                0x00000000c0009bd0                pid_lock
 *fill*         0x00000000c0009bec       0x14 
 COMMON         0x00000000c0009c00       0x6c build/keyboard.o
                0x00000000c0009c00                kbd_buf
 *fill*         0x00000000c0009c6c       0x14 
 COMMON         0x00000000c0009c80       0x80 build/syscall-init.o
                0x00000000c0009c80                syscall_table
                0x00000000c0009d00                . = ALIGN ((. != 0x0)?0x4:0x1)
                0x00000000c0009d00                . = ALIGN (0x4)
                0x00000000c0009d00                . = SEGMENT_START ("ldata-segment", .)
                0x00000000c0009d00                . = ALIGN (0x4)
                0x00000000c0009d00                _end = .
                [!provide]                        PROVIDE (end, .)
                0x00000000c0009d00                . = DATA_SEGMENT_END (.)

.stab
 *(.stab)

.stabstr
 *(.stabstr)

.stab.excl
 *(.stab.excl)

.stab.exclstr
 *(.stab.exclstr)

.stab.index
 *(.stab.index)

.stab.indexstr
 *(.stab.indexstr)

.comment        0x0000000000000000       0x2d
 *(.comment)
 .comment       0x0000000000000000       0x2d build/main.o
                                         0x2e (size before relaxing)
 .comment       0x000000000000002d       0x2e build/init.o
 .comment       0x000000000000002d       0x2e build/interrupt.o
 .comment       0x000000000000002d       0x2e build/timer.o
 .comment       0x000000000000002d       0x2e build/debug.o
 .comment       0x000000000000002d       0x2e build/memory.o
 .comment       0x000000000000002d       0x2e build/string.o
 .comment       0x000000000000002d       0x2e build/bitmap.o
 .comment       0x000000000000002d       0x2e build/thread.o
 .comment       0x000000000000002d       0x2e build/list.o
 .comment       0x000000000000002d       0x2e build/console.o
 .comment       0x000000000000002d       0x2e build/sync.o
 .comment       0x000000000000002d       0x2e build/keyboard.o
 .comment       0x000000000000002d       0x2e build/ioqueue.o
 .comment       0x000000000000002d       0x2e build/tss.o
 .comment       0x000000000000002d       0x2e build/process.o
 .comment       0x000000000000002d       0x2e build/syscall.o
 .comment       0x000000000000002d       0x2e build/syscall-init.o
 .comment       0x000000000000002d       0x2e build/stdio.o

.debug
 *(.debug)

.line
 *(.line)

.debug_srcinfo
 *(.debug_srcinfo)

.debug_sfnames
 *(.debug_sfnames)

.debug_aranges
 *(.debug_aranges)

.debug_pubnames
 *(.debug_pubnames)

.debug_info
 *(.debug_info .gnu.linkonce.wi.*)

.debug_abbrev
 *(.debug_abbrev)

.debug_line
 *(.debug_line .debug_line.* .debug_line_end)

.debug_frame
 *(.debug_frame)

.debug_str
 *(.debug_str)

.debug_loc
 *(.debug_loc)

.debug_macinfo
 *(.debug_macinfo)

.debug_weaknames
 *(.debug_weaknames)

.debug_funcnames
 *(.debug_funcnames)

.debug_typenames
 *(.debug_typenames)

.debug_varnames
 *(.debug_varnames)

.debug_pubtypes
 *(.debug_pubtypes)

.debug_ranges
 *(.debug_ranges)

.debug_macro
 *(.debug_macro)

.gnu.attributes
 *(.gnu.attributes)

/DISCARD/
 *(.note.GNU-stack)
 *(.gnu_debuglink)
 *(.gnu.lto_*)
OUTPUT(build/kernel.bin elf32-i386)
