
Allocating common symbols
Common symbol       size              file

thread_ready_list   0x10              build/thread.o
thread_all_list     0x10              build/thread.o
user_pool           0x10              build/memory.o
intr_name           0x84              build/interrupt.o
main_thread         0x4               build/thread.o
ticks               0x4               build/timer.o
kernel_vaddr        0xc               build/memory.o
idt_table           0x84              build/interrupt.o
kernel_pool         0x10              build/memory.o

Discarded input sections

 .note.GNU-stack
                0x0000000000000000        0x0 build/main.o
 .note.GNU-stack
                0x0000000000000000        0x0 build/init.o
 .note.GNU-stack
                0x0000000000000000        0x0 build/interrupt.o
 .note.GNU-stack
                0x0000000000000000        0x0 build/timer.o
 .note.GNU-stack
                0x0000000000000000        0x0 build/debug.o
 .note.GNU-stack
                0x0000000000000000        0x0 build/memory.o
 .note.GNU-stack
                0x0000000000000000        0x0 build/string.o
 .note.GNU-stack
                0x0000000000000000        0x0 build/bitmap.o
 .note.GNU-stack
                0x0000000000000000        0x0 build/thread.o
 .note.GNU-stack
                0x0000000000000000        0x0 build/list.o

Memory Configuration

Name             Origin             Length             Attributes
*default*        0x0000000000000000 0xffffffffffffffff

Linker script and memory map

Address of section .text set to 0xc0001500
LOAD build/main.o
LOAD build/init.o
LOAD build/interrupt.o
LOAD build/timer.o
LOAD build/kernel.o
LOAD build/print.o
LOAD build/debug.o
LOAD build/memory.o
LOAD build/string.o
LOAD build/bitmap.o
LOAD build/thread.o
LOAD build/list.o
LOAD build/switch.o
                [!provide]                        PROVIDE (__executable_start, 0x8048000)
                0x0000000008048094                . = (0x8048000 + SIZEOF_HEADERS)

.interp
 *(.interp)

.note.gnu.build-id
 *(.note.gnu.build-id)

.hash
 *(.hash)

.gnu.hash
 *(.gnu.hash)

.dynsym
 *(.dynsym)

.dynstr
 *(.dynstr)

.gnu.version
 *(.gnu.version)

.gnu.version_d
 *(.gnu.version_d)

.gnu.version_r
 *(.gnu.version_r)

.rel.dyn        0x0000000008048094        0x0
 *(.rel.init)
 *(.rel.text .rel.text.* .rel.gnu.linkonce.t.*)
 .rel.text      0x0000000008048094        0x0 build/main.o
 *(.rel.fini)
 *(.rel.rodata .rel.rodata.* .rel.gnu.linkonce.r.*)
 *(.rel.data.rel.ro .rel.data.rel.ro.* .rel.gnu.linkonce.d.rel.ro.*)
 *(.rel.data .rel.data.* .rel.gnu.linkonce.d.*)
 *(.rel.tdata .rel.tdata.* .rel.gnu.linkonce.td.*)
 *(.rel.tbss .rel.tbss.* .rel.gnu.linkonce.tb.*)
 *(.rel.ctors)
 *(.rel.dtors)
 *(.rel.got)
 *(.rel.bss .rel.bss.* .rel.gnu.linkonce.b.*)
 *(.rel.ifunc)

.rel.plt        0x0000000008048094        0x0
 *(.rel.plt)
                [!provide]                        PROVIDE (__rel_iplt_start, .)
 *(.rel.iplt)
 .rel.iplt      0x0000000008048094        0x0 build/main.o
                [!provide]                        PROVIDE (__rel_iplt_end, .)

.init
 *(SORT(.init))

.plt            0x00000000080480a0        0x0
 *(.plt)
 *(.iplt)
 .iplt          0x00000000080480a0        0x0 build/main.o

.text           0x00000000c0001500     0x1e95
 *(.text.unlikely .text.*_unlikely .text.unlikely.*)
 *(.text.exit .text.exit.*)
 *(.text.startup .text.startup.*)
 *(.text.hot .text.hot.*)
 *(.text .stub .text.* .gnu.linkonce.t.*)
 .text          0x00000000c0001500       0xa7 build/main.o
                0x00000000c0001500                main
                0x00000000c0001575                k_thread_a
                0x00000000c000158e                k_thread_b
 .text          0x00000000c00015a7       0x28 build/init.o
                0x00000000c00015a7                init_all
 .text          0x00000000c00015cf      0x450 build/interrupt.o
                0x00000000c000190d                idt_init
                0x00000000c000196f                intr_enable
                0x00000000c0001998                intr_disable
                0x00000000c00019c1                intr_set_status
                0x00000000c00019df                intr_get_status
                0x00000000c0001a03                register_handler
 .text          0x00000000c0001a1f      0x18e build/timer.o
                0x00000000c0001b4d                timer_init
 *fill*         0x00000000c0001bad        0x3 
 .text          0x00000000c0001bb0      0x393 build/kernel.o
                0x00000000c0001bb0                intr_exit
 *fill*         0x00000000c0001f43        0xd 
 .text          0x00000000c0001f50      0x172 build/print.o
                0x00000000c0001f50                put_str
                0x00000000c0001f6e                put_char
                0x00000000c000203b                put_int
                0x00000000c000209e                set_cursor
 .text          0x00000000c00020c2       0xa5 build/debug.o
                0x00000000c00020c2                panic_spin
 .text          0x00000000c0002167      0x558 build/memory.o
                0x00000000c00021f1                pte_ptr
                0x00000000c0002221                pde_ptr
                0x00000000c00023d2                malloc_page
                0x00000000c000249c                get_kernel_pages
                0x00000000c000268a                mem_init
 .text          0x00000000c00026bf      0x449 build/string.o
                0x00000000c00026bf                memset
                0x00000000c000271b                memcpy
                0x00000000c0002787                memcmp
                0x00000000c0002817                strcpy
                0x00000000c0002879                strlen
                0x00000000c00028cf                strcmp
                0x00000000c0002956                strchr
                0x00000000c00029bb                strrchr
                0x00000000c0002a24                strcat
                0x00000000c0002a9b                strchrs
 .text          0x00000000c0002b08      0x266 build/bitmap.o
                0x00000000c0002b08                bitmap_init
                0x00000000c0002b2f                bitmap_scan_test
                0x00000000c0002b6f                bitmap_scan
                0x00000000c0002cb3                bitmap_set
 .text          0x00000000c0002d6e      0x426 build/thread.o
                0x00000000c0002d6e                running_thread
                0x00000000c0002d9b                thread_create
                0x00000000c0002e0f                init_thread
                0x00000000c0002eb4                thread_start
                0x00000000c000302f                schedule
                0x00000000c0003157                thread_init
 .text          0x00000000c0003194      0x1e3 build/list.o
                0x00000000c0003194                list_init
                0x00000000c00031c1                list_insert_before
                0x00000000c0003202                list_push
                0x00000000c000321f                list_append
                0x00000000c000323c                list_remove
                0x00000000c0003272                list_pop
                0x00000000c0003291                elem_find
                0x00000000c00032cc                list_traversal
                0x00000000c0003329                list_len
                0x00000000c000335e                list_empty
 *fill*         0x00000000c0003377        0x9 
 .text          0x00000000c0003380       0x15 build/switch.o
                0x00000000c0003380                switch_to
 *(.gnu.warning)

.fini
 *(SORT(.fini))
                [!provide]                        PROVIDE (__etext, .)
                [!provide]                        PROVIDE (_etext, .)
                [!provide]                        PROVIDE (etext, .)

.rodata         0x00000000c0003398      0x750
 *(.rodata .rodata.* .gnu.linkonce.r.*)
 .rodata        0x00000000c0003398       0x2f build/main.o
 .rodata        0x00000000c00033c7        0xa build/init.o
 *fill*         0x00000000c00033d1        0x3 
 .rodata        0x00000000c00033d4      0x299 build/interrupt.o
 *fill*         0x00000000c000366d        0x3 
 .rodata        0x00000000c0003670       0x6b build/timer.o
 .rodata        0x00000000c00036db       0x43 build/debug.o
 .rodata        0x00000000c000371e      0x12a build/memory.o
 .rodata        0x00000000c0003848       0xb9 build/string.o
 *fill*         0x00000000c0003901        0x3 
 .rodata        0x00000000c0003904       0x68 build/bitmap.o
 .rodata        0x00000000c000396c      0x17c build/thread.o

.rodata1
 *(.rodata1)

.eh_frame_hdr
 *(.eh_frame_hdr)

.eh_frame       0x00000000c0003ae8      0x7e8
 *(.eh_frame)
 .eh_frame      0x00000000c0003ae8       0x6c build/main.o
 .eh_frame      0x00000000c0003b54       0x20 build/init.o
                                         0x38 (size before relaxing)
 .eh_frame      0x00000000c0003b74      0x188 build/interrupt.o
                                        0x1a0 (size before relaxing)
 .eh_frame      0x00000000c0003cfc       0x8c build/timer.o
                                         0xa4 (size before relaxing)
 .eh_frame      0x00000000c0003d88       0x1c build/debug.o
                                         0x34 (size before relaxing)
 .eh_frame      0x00000000c0003da4      0x120 build/memory.o
                                        0x138 (size before relaxing)
 .eh_frame      0x00000000c0003ec4      0x140 build/string.o
                                        0x158 (size before relaxing)
 .eh_frame      0x00000000c0004004       0x8c build/bitmap.o
                                         0xa4 (size before relaxing)
 .eh_frame      0x00000000c0004090      0x100 build/thread.o
                                        0x118 (size before relaxing)
 .eh_frame      0x00000000c0004190      0x140 build/list.o
                                        0x158 (size before relaxing)

.gcc_except_table
 *(.gcc_except_table .gcc_except_table.*)

.exception_ranges
 *(.exception_ranges .exception_ranges*)
                0x00000000c00042d0                . = (ALIGN (0x1000) - ((0x1000 - .) & 0xfff))
                0x00000000c0006000                . = DATA_SEGMENT_ALIGN (0x1000, 0x1000)

.eh_frame
 *(.eh_frame)

.gcc_except_table
 *(.gcc_except_table .gcc_except_table.*)

.exception_ranges
 *(.exception_ranges .exception_ranges*)

.tdata
 *(.tdata .tdata.* .gnu.linkonce.td.*)

.tbss
 *(.tbss .tbss.* .gnu.linkonce.tb.*)
 *(.tcommon)

.preinit_array  0x00000000c0006000        0x0
                [!provide]                        PROVIDE (__preinit_array_start, .)
 *(.preinit_array)
                [!provide]                        PROVIDE (__preinit_array_end, .)

.init_array     0x00000000c0006000        0x0
                [!provide]                        PROVIDE (__init_array_start, .)
 *(SORT(.init_array.*) SORT(.ctors.*))
 *(.init_array EXCLUDE_FILE(*crtend?.o *crtend.o *crtbegin?.o *crtbegin.o) .ctors)
                [!provide]                        PROVIDE (__init_array_end, .)

.fini_array     0x00000000c0006000        0x0
                [!provide]                        PROVIDE (__fini_array_start, .)
 *(SORT(.fini_array.*) SORT(.dtors.*))
 *(.fini_array EXCLUDE_FILE(*crtend?.o *crtend.o *crtbegin?.o *crtbegin.o) .dtors)
                [!provide]                        PROVIDE (__fini_array_end, .)

.ctors
 *crtbegin.o(.ctors)
 *crtbegin?.o(.ctors)
 *(EXCLUDE_FILE(*crtend?.o *crtend.o) .ctors)
 *(SORT(.ctors.*))
 *(.ctors)

.dtors
 *crtbegin.o(.dtors)
 *crtbegin?.o(.dtors)
 *(EXCLUDE_FILE(*crtend?.o *crtend.o) .dtors)
 *(SORT(.dtors.*))
 *(.dtors)

.jcr
 *(.jcr)

.data.rel.ro
 *(.data.rel.ro.local* .gnu.linkonce.d.rel.ro.local.*)
 *(.data.rel.ro .data.rel.ro.* .gnu.linkonce.d.rel.ro.*)

.dynamic
 *(.dynamic)

.got
 *(.got)
 *(.igot)
                0x00000000c0006000                . = DATA_SEGMENT_RELRO_END (., (SIZEOF (.got.plt) >= 0xc)?0xc:0x0)

.got.plt        0x00000000c0006000        0x0
 *(.got.plt)
 *(.igot.plt)
 .igot.plt      0x00000000c0006000        0x0 build/main.o

.data           0x00000000c0006000       0xa0
 *(.data .data.* .gnu.linkonce.d.*)
 .data          0x00000000c0006000        0x0 build/main.o
 .data          0x00000000c0006000        0x0 build/init.o
 .data          0x00000000c0006000        0x0 build/interrupt.o
 .data          0x00000000c0006000        0x0 build/timer.o
 .data          0x00000000c0006000       0x96 build/kernel.o
                0x00000000c0006012                intr_entry_table
 *fill*         0x00000000c0006096        0x2 
 .data          0x00000000c0006098        0x8 build/print.o
 .data          0x00000000c00060a0        0x0 build/debug.o
 .data          0x00000000c00060a0        0x0 build/memory.o
 .data          0x00000000c00060a0        0x0 build/string.o
 .data          0x00000000c00060a0        0x0 build/bitmap.o
 .data          0x00000000c00060a0        0x0 build/thread.o
 .data          0x00000000c00060a0        0x0 build/list.o

.data1
 *(.data1)
                0x00000000c00060a0                _edata = .
                [!provide]                        PROVIDE (edata, .)
                0x00000000c00060a0                . = .
                0x00000000c00060a0                __bss_start = .

.bss            0x00000000c00060a0      0x298
 *(.dynbss)
 *(.bss .bss.* .gnu.linkonce.b.*)
 .bss           0x00000000c00060a0        0x0 build/main.o
 .bss           0x00000000c00060a0        0x0 build/init.o
 .bss           0x00000000c00060a0      0x108 build/interrupt.o
 .bss           0x00000000c00061a8        0x0 build/timer.o
 .bss           0x00000000c00061a8        0x0 build/debug.o
 .bss           0x00000000c00061a8        0x0 build/memory.o
 .bss           0x00000000c00061a8        0x0 build/string.o
 .bss           0x00000000c00061a8        0x0 build/bitmap.o
 .bss           0x00000000c00061a8        0x4 build/thread.o
 .bss           0x00000000c00061ac        0x0 build/list.o
 *(COMMON)
 *fill*         0x00000000c00061ac       0x14 
 COMMON         0x00000000c00061c0      0x124 build/interrupt.o
                0x00000000c00061c0                intr_name
                0x00000000c0006260                idt_table
 COMMON         0x00000000c00062e4        0x4 build/timer.o
                0x00000000c00062e4                ticks
 COMMON         0x00000000c00062e8       0x2c build/memory.o
                0x00000000c00062e8                user_pool
                0x00000000c00062f8                kernel_vaddr
                0x00000000c0006304                kernel_pool
 COMMON         0x00000000c0006314       0x24 build/thread.o
                0x00000000c0006314                thread_ready_list
                0x00000000c0006324                thread_all_list
                0x00000000c0006334                main_thread
                0x00000000c0006338                . = ALIGN ((. != 0x0)?0x4:0x1)
                0x00000000c0006338                . = ALIGN (0x4)
                0x00000000c0006338                . = SEGMENT_START ("ldata-segment", .)
                0x00000000c0006338                . = ALIGN (0x4)
                0x00000000c0006338                _end = .
                [!provide]                        PROVIDE (end, .)
                0x00000000c0006338                . = DATA_SEGMENT_END (.)

.stab
 *(.stab)

.stabstr
 *(.stabstr)

.stab.excl
 *(.stab.excl)

.stab.exclstr
 *(.stab.exclstr)

.stab.index
 *(.stab.index)

.stab.indexstr
 *(.stab.indexstr)

.comment        0x0000000000000000       0x2d
 *(.comment)
 .comment       0x0000000000000000       0x2d build/main.o
                                         0x2e (size before relaxing)
 .comment       0x000000000000002d       0x2e build/init.o
 .comment       0x000000000000002d       0x2e build/interrupt.o
 .comment       0x000000000000002d       0x2e build/timer.o
 .comment       0x000000000000002d       0x2e build/debug.o
 .comment       0x000000000000002d       0x2e build/memory.o
 .comment       0x000000000000002d       0x2e build/string.o
 .comment       0x000000000000002d       0x2e build/bitmap.o
 .comment       0x000000000000002d       0x2e build/thread.o
 .comment       0x000000000000002d       0x2e build/list.o

.debug
 *(.debug)

.line
 *(.line)

.debug_srcinfo
 *(.debug_srcinfo)

.debug_sfnames
 *(.debug_sfnames)

.debug_aranges
 *(.debug_aranges)

.debug_pubnames
 *(.debug_pubnames)

.debug_info
 *(.debug_info .gnu.linkonce.wi.*)

.debug_abbrev
 *(.debug_abbrev)

.debug_line
 *(.debug_line .debug_line.* .debug_line_end)

.debug_frame
 *(.debug_frame)

.debug_str
 *(.debug_str)

.debug_loc
 *(.debug_loc)

.debug_macinfo
 *(.debug_macinfo)

.debug_weaknames
 *(.debug_weaknames)

.debug_funcnames
 *(.debug_funcnames)

.debug_typenames
 *(.debug_typenames)

.debug_varnames
 *(.debug_varnames)

.debug_pubtypes
 *(.debug_pubtypes)

.debug_ranges
 *(.debug_ranges)

.debug_macro
 *(.debug_macro)

.gnu.attributes
 *(.gnu.attributes)

/DISCARD/
 *(.note.GNU-stack)
 *(.gnu_debuglink)
 *(.gnu.lto_*)
OUTPUT(build/kernel.bin elf32-i386)
