
Allocating common symbols
Common symbol       size              file

kbd_buf             0x6c              build/keyboard.o
root_dir            0x208             build/dir.o
thread_ready_list   0x10              build/thread.o
thread_all_list     0x10              build/thread.o
user_pool           0x2c              build/memory.o
channel_cnt         0x1               build/ide.o
cur_part            0x4               build/fs.o
k_block_descs       0xa8              build/memory.o
idle_thread         0x4               build/thread.o
intr_name           0x204             build/interrupt.o
main_thread         0x4               build/thread.o
channels            0xcc0             build/ide.o
ticks               0x4               build/timer.o
kernel_vaddr        0xc               build/memory.o
syscall_table       0x80              build/syscall-init.o
idt_table           0x204             build/interrupt.o
file_table          0x180             build/file.o
partition_list      0x10              build/ide.o
kernel_pool         0x2c              build/memory.o
pid_lock            0x1c              build/thread.o

Discarded input sections

 .note.GNU-stack
                0x0000000000000000        0x0 build/main.o
 .note.GNU-stack
                0x0000000000000000        0x0 build/init.o
 .note.GNU-stack
                0x0000000000000000        0x0 build/interrupt.o
 .note.GNU-stack
                0x0000000000000000        0x0 build/timer.o
 .note.GNU-stack
                0x0000000000000000        0x0 build/debug.o
 .note.GNU-stack
                0x0000000000000000        0x0 build/memory.o
 .note.GNU-stack
                0x0000000000000000        0x0 build/string.o
 .note.GNU-stack
                0x0000000000000000        0x0 build/bitmap.o
 .note.GNU-stack
                0x0000000000000000        0x0 build/thread.o
 .note.GNU-stack
                0x0000000000000000        0x0 build/list.o
 .note.GNU-stack
                0x0000000000000000        0x0 build/console.o
 .note.GNU-stack
                0x0000000000000000        0x0 build/sync.o
 .note.GNU-stack
                0x0000000000000000        0x0 build/keyboard.o
 .note.GNU-stack
                0x0000000000000000        0x0 build/ioqueue.o
 .note.GNU-stack
                0x0000000000000000        0x0 build/tss.o
 .note.GNU-stack
                0x0000000000000000        0x0 build/process.o
 .note.GNU-stack
                0x0000000000000000        0x0 build/syscall.o
 .note.GNU-stack
                0x0000000000000000        0x0 build/syscall-init.o
 .note.GNU-stack
                0x0000000000000000        0x0 build/stdio.o
 .note.GNU-stack
                0x0000000000000000        0x0 build/stdio-kernel.o
 .note.GNU-stack
                0x0000000000000000        0x0 build/ide.o
 .note.GNU-stack
                0x0000000000000000        0x0 build/fs.o
 .note.GNU-stack
                0x0000000000000000        0x0 build/dir.o
 .note.GNU-stack
                0x0000000000000000        0x0 build/inode.o
 .note.GNU-stack
                0x0000000000000000        0x0 build/file.o

Memory Configuration

Name             Origin             Length             Attributes
*default*        0x0000000000000000 0xffffffffffffffff

Linker script and memory map

Address of section .text set to 0xc0001500
LOAD build/main.o
LOAD build/init.o
LOAD build/interrupt.o
LOAD build/timer.o
LOAD build/kernel.o
LOAD build/print.o
LOAD build/debug.o
LOAD build/memory.o
LOAD build/string.o
LOAD build/bitmap.o
LOAD build/thread.o
LOAD build/list.o
LOAD build/switch.o
LOAD build/console.o
LOAD build/sync.o
LOAD build/keyboard.o
LOAD build/ioqueue.o
LOAD build/tss.o
LOAD build/process.o
LOAD build/syscall.o
LOAD build/syscall-init.o
LOAD build/stdio.o
LOAD build/stdio-kernel.o
LOAD build/ide.o
LOAD build/fs.o
LOAD build/dir.o
LOAD build/inode.o
LOAD build/file.o
                [!provide]                        PROVIDE (__executable_start, 0x8048000)
                0x0000000008048094                . = (0x8048000 + SIZEOF_HEADERS)

.interp
 *(.interp)

.note.gnu.build-id
 *(.note.gnu.build-id)

.hash
 *(.hash)

.gnu.hash
 *(.gnu.hash)

.dynsym
 *(.dynsym)

.dynstr
 *(.dynstr)

.gnu.version
 *(.gnu.version)

.gnu.version_d
 *(.gnu.version_d)

.gnu.version_r
 *(.gnu.version_r)

.rel.dyn        0x0000000008048094        0x0
 *(.rel.init)
 *(.rel.text .rel.text.* .rel.gnu.linkonce.t.*)
 .rel.text      0x0000000008048094        0x0 build/main.o
 *(.rel.fini)
 *(.rel.rodata .rel.rodata.* .rel.gnu.linkonce.r.*)
 *(.rel.data.rel.ro .rel.data.rel.ro.* .rel.gnu.linkonce.d.rel.ro.*)
 *(.rel.data .rel.data.* .rel.gnu.linkonce.d.*)
 *(.rel.tdata .rel.tdata.* .rel.gnu.linkonce.td.*)
 *(.rel.tbss .rel.tbss.* .rel.gnu.linkonce.tb.*)
 *(.rel.ctors)
 *(.rel.dtors)
 *(.rel.got)
 *(.rel.bss .rel.bss.* .rel.gnu.linkonce.b.*)
 *(.rel.ifunc)

.rel.plt        0x0000000008048094        0x0
 *(.rel.plt)
                [!provide]                        PROVIDE (__rel_iplt_start, .)
 *(.rel.iplt)
 .rel.iplt      0x0000000008048094        0x0 build/main.o
                [!provide]                        PROVIDE (__rel_iplt_end, .)

.init
 *(SORT(.init))

.plt            0x00000000080480a0        0x0
 *(.plt)
 *(.iplt)
 .iplt          0x00000000080480a0        0x0 build/main.o

.text           0x00000000c0001500     0x9383
 *(.text.unlikely .text.*_unlikely .text.unlikely.*)
 *(.text.exit .text.exit.*)
 *(.text.startup .text.startup.*)
 *(.text.hot .text.hot.*)
 *(.text .stub .text.* .gnu.linkonce.t.*)
 .text          0x00000000c0001500      0x46d build/main.o
                0x00000000c0001500                main
                0x00000000c00016dd                k_thread_a
                0x00000000c0001799                k_thread_b
                0x00000000c0001855                u_prog_a
                0x00000000c00018e1                u_prog_b
 .text          0x00000000c000196d       0x46 build/init.o
                0x00000000c000196d                init_all
 .text          0x00000000c00019b3      0x4a8 build/interrupt.o
                0x00000000c0001d49                idt_init
                0x00000000c0001dab                intr_enable
                0x00000000c0001dd4                intr_disable
                0x00000000c0001dfd                intr_set_status
                0x00000000c0001e1b                intr_get_status
                0x00000000c0001e3f                register_handler
 .text          0x00000000c0001e5b      0x207 build/timer.o
                0x00000000c0001f8c                timer_init
                0x00000000c0002010                mtime_sleep
 *fill*         0x00000000c0002062        0xe 
 .text          0x00000000c0002070      0x55b build/kernel.o
                0x00000000c0002070                intr_exit
                0x00000000c00025a7                syscall_handler
 *fill*         0x00000000c00025cb        0x5 
 .text          0x00000000c00025d0      0x172 build/print.o
                0x00000000c00025d0                put_str
                0x00000000c00025ee                put_char
                0x00000000c00026bb                put_int
                0x00000000c000271e                set_cursor
 .text          0x00000000c0002742       0xa5 build/debug.o
                0x00000000c0002742                panic_spin
 .text          0x00000000c00027e7     0x1139 build/memory.o
                0x00000000c0002917                pte_ptr
                0x00000000c0002947                pde_ptr
                0x00000000c0002af8                malloc_page
                0x00000000c0002bc2                get_kernel_pages
                0x00000000c0002c1e                addr_v2p
                0x00000000c0002e0c                get_user_pages
                0x00000000c0002e62                get_a_page
                0x00000000c0002fda                block_desc_init
                0x00000000c000308f                sys_malloc
                0x00000000c00033be                pfree
                0x00000000c0003501                mfree_page
                0x00000000c00036de                sys_free
                0x00000000c00038df                mem_init
 .text          0x00000000c0003920      0x449 build/string.o
                0x00000000c0003920                memset
                0x00000000c000397c                memcpy
                0x00000000c00039e8                memcmp
                0x00000000c0003a78                strcpy
                0x00000000c0003ada                strlen
                0x00000000c0003b30                strcmp
                0x00000000c0003bb7                strchr
                0x00000000c0003c1c                strrchr
                0x00000000c0003c85                strcat
                0x00000000c0003cfc                strchrs
 .text          0x00000000c0003d69      0x266 build/bitmap.o
                0x00000000c0003d69                bitmap_init
                0x00000000c0003d90                bitmap_scan_test
                0x00000000c0003dd0                bitmap_scan
                0x00000000c0003f14                bitmap_set
 .text          0x00000000c0003fcf      0x6df build/thread.o
                0x00000000c0003fe5                running_thread
                0x00000000c0004049                thread_create
                0x00000000c00040bd                init_thread
                0x00000000c00041ad                thread_start
                0x00000000c0004328                schedule
                0x00000000c0004444                thread_init
                0x00000000c00044b6                thread_block
                0x00000000c000451d                thread_unblock
                0x00000000c0004628                thread_yield
 .text          0x00000000c00046ae      0x1e3 build/list.o
                0x00000000c00046ae                list_init
                0x00000000c00046db                list_insert_before
                0x00000000c000471c                list_push
                0x00000000c0004739                list_append
                0x00000000c0004756                list_remove
                0x00000000c000478c                list_pop
                0x00000000c00047ab                elem_find
                0x00000000c00047e6                list_traversal
                0x00000000c0004843                list_len
                0x00000000c0004878                list_empty
 *fill*         0x00000000c0004891        0xf 
 .text          0x00000000c00048a0       0x15 build/switch.o
                0x00000000c00048a0                switch_to
 .text          0x00000000c00048b5       0x9a build/console.o
                0x00000000c00048b5                console_init
                0x00000000c00048c9                console_acquire
                0x00000000c00048dd                console_release
                0x00000000c00048f1                console_put_str
                0x00000000c000490e                console_put_char
                0x00000000c0004932                console_put_int
 .text          0x00000000c000494f      0x347 build/sync.o
                0x00000000c000494f                sema_init
                0x00000000c0004974                lock_init
                0x00000000c00049a5                sema_down
                0x00000000c0004ab9                sema_up
                0x00000000c0004b6f                lock_acquire
                0x00000000c0004beb                lock_release
 .text          0x00000000c0004c96      0x2df build/keyboard.o
                0x00000000c0004f35                keyboard_init
 .text          0x00000000c0004f75      0x2f0 build/ioqueue.o
                0x00000000c0004f75                ioqueue_init
                0x00000000c0004fd0                ioq_full
                0x00000000c0005109                ioq_getchar
                0x00000000c00051b6                ioq_putchar
 .text          0x00000000c0005265      0x1af build/tss.o
                0x00000000c0005265                update_tss_esp
                0x00000000c00052e6                tss_init
 .text          0x00000000c0005414      0x365 build/process.o
                0x00000000c0005414                start_process
                0x00000000c000551a                page_dir_activate
                0x00000000c000554a                process_activate
                0x00000000c000559c                create_page_dir
                0x00000000c000560d                create_user_vaddr_bitmap
                0x00000000c000564f                process_execute
 .text          0x00000000c0005779       0x73 build/syscall.o
                0x00000000c0005779                getpid
                0x00000000c000578e                malloc
                0x00000000c00057ad                free
                0x00000000c00057c9                write
 .text          0x00000000c00057ec       0x5a build/syscall-init.o
                0x00000000c00057ec                sys_getpid
                0x00000000c00057fe                syscall_init
 .text          0x00000000c0005846      0x2ba build/stdio.o
                0x00000000c00058cd                vsprintf
                0x00000000c0005a50                printf
                0x00000000c0005acc                sprintf
 .text          0x00000000c0005b00       0x62 build/stdio-kernel.o
                0x00000000c0005b00                printk
 .text          0x00000000c0005b62      0xe05 build/ide.o
                0x00000000c0006065                ide_read
                0x00000000c00061f3                ide_write
                0x00000000c0006381                intr_hd_handler
                0x00000000c0006759                ide_init
 .text          0x00000000c0006967     0x17e4 build/fs.o
                0x00000000c00070c8                path_depth_cnt
                0x00000000c00073f2                sys_open
                0x00000000c000769f                sys_read
                0x00000000c0007720                sys_write
                0x00000000c000780a                sys_lseek
                0x00000000c00078f7                filesys_init
                0x00000000c0007afd                sys_unlink
                0x00000000c0007d1f                sys_mkdir
 .text          0x00000000c000814b      0xc5b build/dir.o
                0x00000000c000814b                open_root_dir
                0x00000000c000817a                dir_open
                0x00000000c00081b5                search_dir_entry
                0x00000000c0008397                dir_close
                0x00000000c00083c2                create_dir_entry
                0x00000000c0008438                sync_dir_entry
                0x00000000c00088bc                delete_dir_entry
 .text          0x00000000c0008da6      0x825 build/inode.o
                0x00000000c0008e4a                inode_sync
                0x00000000c0008fbe                inode_open
                0x00000000c0009119                inode_close
                0x00000000c000918a                inode_delete
                0x00000000c00092ef                inode_release
                0x00000000c0009576                inode_init
 .text          0x00000000c00095cb     0x12b8 build/file.o
                0x00000000c00095cb                get_free_slot_in_global
                0x00000000c000961b                pcb_fd_install
                0x00000000c0009684                inode_bitmap_alloc
                0x00000000c00096d2                block_bitmap_alloc
                0x00000000c000972b                bitmap_sync
                0x00000000c00097bf                file_create
                0x00000000c0009a94                file_open
                0x00000000c0009b9c                file_close
                0x00000000c0009c30                sys_close
                0x00000000c0009c85                file_write
                0x00000000c000a492                file_read
 *(.gnu.warning)

.fini
 *(SORT(.fini))
                [!provide]                        PROVIDE (__etext, .)
                [!provide]                        PROVIDE (_etext, .)
                [!provide]                        PROVIDE (etext, .)

.rodata         0x00000000c000a884     0x1ef4
 *(.rodata .rodata.* .gnu.linkonce.r.*)
 .rodata        0x00000000c000a884      0x156 build/main.o
 .rodata        0x00000000c000a9da        0xa build/init.o
 .rodata        0x00000000c000a9e4      0x299 build/interrupt.o
 *fill*         0x00000000c000ac7d        0x3 
 .rodata        0x00000000c000ac80       0x87 build/timer.o
 .rodata        0x00000000c000ad07       0x43 build/debug.o
 *fill*         0x00000000c000ad4a        0x2 
 .rodata        0x00000000c000ad4c      0x3b0 build/memory.o
 .rodata        0x00000000c000b0fc       0xb9 build/string.o
 *fill*         0x00000000c000b1b5        0x3 
 .rodata        0x00000000c000b1b8       0x68 build/bitmap.o
 .rodata        0x00000000c000b220      0x2e1 build/thread.o
 *fill*         0x00000000c000b501        0x3 
 .rodata        0x00000000c000b504      0x12f build/sync.o
 .rodata        0x00000000c000b633       0x36 build/keyboard.o
 *fill*         0x00000000c000b669        0x3 
 .rodata        0x00000000c000b66c       0xb9 build/ioqueue.o
 .rodata        0x00000000c000b725       0x27 build/tss.o
 .rodata        0x00000000c000b74c       0xdd build/process.o
 .rodata        0x00000000c000b829       0x27 build/syscall-init.o
 .rodata        0x00000000c000b850      0x1c9 build/ide.o
 *fill*         0x00000000c000ba19        0x3 
 .rodata        0x00000000c000ba1c      0x6d0 build/fs.o
 .rodata        0x00000000c000c0ec      0x179 build/dir.o
 *fill*         0x00000000c000c265        0x3 
 .rodata        0x00000000c000c268       0xbb build/inode.o
 *fill*         0x00000000c000c323        0x1 
 .rodata        0x00000000c000c324      0x454 build/file.o

.rodata1
 *(.rodata1)

.eh_frame_hdr
 *(.eh_frame_hdr)

.eh_frame       0x00000000c000c778     0x1794
 *(.eh_frame)
 .eh_frame      0x00000000c000c778       0xa4 build/main.o
 .eh_frame      0x00000000c000c81c       0x20 build/init.o
                                         0x38 (size before relaxing)
 .eh_frame      0x00000000c000c83c      0x188 build/interrupt.o
                                        0x1a0 (size before relaxing)
 .eh_frame      0x00000000c000c9c4       0xcc build/timer.o
                                         0xe4 (size before relaxing)
 .eh_frame      0x00000000c000ca90       0x1c build/debug.o
                                         0x34 (size before relaxing)
 .eh_frame      0x00000000c000caac      0x2a0 build/memory.o
                                        0x2b8 (size before relaxing)
 .eh_frame      0x00000000c000cd4c      0x140 build/string.o
                                        0x158 (size before relaxing)
 .eh_frame      0x00000000c000ce8c       0x8c build/bitmap.o
                                         0xa4 (size before relaxing)
 .eh_frame      0x00000000c000cf18      0x19c build/thread.o
                                        0x1b4 (size before relaxing)
 .eh_frame      0x00000000c000d0b4      0x140 build/list.o
                                        0x158 (size before relaxing)
 .eh_frame      0x00000000c000d1f4       0xc0 build/console.o
                                         0xd8 (size before relaxing)
 .eh_frame      0x00000000c000d2b4       0xc8 build/sync.o
                                         0xe0 (size before relaxing)
 .eh_frame      0x00000000c000d37c       0x60 build/keyboard.o
                                         0x78 (size before relaxing)
 .eh_frame      0x00000000c000d3dc      0x100 build/ioqueue.o
                                        0x118 (size before relaxing)
 .eh_frame      0x00000000c000d4dc       0x64 build/tss.o
                                         0x7c (size before relaxing)
 .eh_frame      0x00000000c000d540       0xc0 build/process.o
                                         0xd8 (size before relaxing)
 .eh_frame      0x00000000c000d600       0x8c build/syscall.o
                                         0xa4 (size before relaxing)
 .eh_frame      0x00000000c000d68c       0x40 build/syscall-init.o
                                         0x58 (size before relaxing)
 .eh_frame      0x00000000c000d6cc       0x94 build/stdio.o
                                         0xac (size before relaxing)
 .eh_frame      0x00000000c000d760       0x28 build/stdio-kernel.o
                                         0x40 (size before relaxing)
 .eh_frame      0x00000000c000d788      0x258 build/ide.o
                                        0x270 (size before relaxing)
 .eh_frame      0x00000000c000d9e0      0x1c8 build/fs.o
                                        0x1e0 (size before relaxing)
 .eh_frame      0x00000000c000dba8       0xf8 build/dir.o
                                        0x110 (size before relaxing)
 .eh_frame      0x00000000c000dca0       0xec build/inode.o
                                        0x104 (size before relaxing)
 .eh_frame      0x00000000c000dd8c      0x180 build/file.o
                                        0x198 (size before relaxing)

.gcc_except_table
 *(.gcc_except_table .gcc_except_table.*)

.exception_ranges
 *(.exception_ranges .exception_ranges*)
                0x00000000c000df0c                . = (ALIGN (0x1000) - ((0x1000 - .) & 0xfff))
                0x00000000c000f000                . = DATA_SEGMENT_ALIGN (0x1000, 0x1000)

.eh_frame
 *(.eh_frame)

.gcc_except_table
 *(.gcc_except_table .gcc_except_table.*)

.exception_ranges
 *(.exception_ranges .exception_ranges*)

.tdata
 *(.tdata .tdata.* .gnu.linkonce.td.*)

.tbss
 *(.tbss .tbss.* .gnu.linkonce.tb.*)
 *(.tcommon)

.preinit_array  0x00000000c000f000        0x0
                [!provide]                        PROVIDE (__preinit_array_start, .)
 *(.preinit_array)
                [!provide]                        PROVIDE (__preinit_array_end, .)

.init_array     0x00000000c000f000        0x0
                [!provide]                        PROVIDE (__init_array_start, .)
 *(SORT(.init_array.*) SORT(.ctors.*))
 *(.init_array EXCLUDE_FILE(*crtend?.o *crtend.o *crtbegin?.o *crtbegin.o) .ctors)
                [!provide]                        PROVIDE (__init_array_end, .)

.fini_array     0x00000000c000f000        0x0
                [!provide]                        PROVIDE (__fini_array_start, .)
 *(SORT(.fini_array.*) SORT(.dtors.*))
 *(.fini_array EXCLUDE_FILE(*crtend?.o *crtend.o *crtbegin?.o *crtbegin.o) .dtors)
                [!provide]                        PROVIDE (__fini_array_end, .)

.ctors
 *crtbegin.o(.ctors)
 *crtbegin?.o(.ctors)
 *(EXCLUDE_FILE(*crtend?.o *crtend.o) .ctors)
 *(SORT(.ctors.*))
 *(.ctors)

.dtors
 *crtbegin.o(.dtors)
 *crtbegin?.o(.dtors)
 *(EXCLUDE_FILE(*crtend?.o *crtend.o) .dtors)
 *(SORT(.dtors.*))
 *(.dtors)

.jcr
 *(.jcr)

.data.rel.ro
 *(.data.rel.ro.local* .gnu.linkonce.d.rel.ro.local.*)
 *(.data.rel.ro .data.rel.ro.* .gnu.linkonce.d.rel.ro.*)

.dynamic
 *(.dynamic)

.got
 *(.got)
 *(.igot)
                0x00000000c000f000                . = DATA_SEGMENT_RELRO_END (., (SIZEOF (.got.plt) >= 0xc)?0xc:0x0)

.got.plt        0x00000000c000f000        0x0
 *(.got.plt)
 *(.igot.plt)
 .igot.plt      0x00000000c000f000        0x0 build/main.o

.data           0x00000000c000f000      0x156
 *(.data .data.* .gnu.linkonce.d.*)
 .data          0x00000000c000f000        0x0 build/main.o
 .data          0x00000000c000f000        0x0 build/init.o
 .data          0x00000000c000f000        0x0 build/interrupt.o
 .data          0x00000000c000f000        0x0 build/timer.o
 .data          0x00000000c000f000       0xd2 build/kernel.o
                0x00000000c000f012                intr_entry_table
 *fill*         0x00000000c000f0d2        0x2 
 .data          0x00000000c000f0d4        0x8 build/print.o
 .data          0x00000000c000f0dc        0x0 build/debug.o
 .data          0x00000000c000f0dc        0x0 build/memory.o
 .data          0x00000000c000f0dc        0x0 build/string.o
 .data          0x00000000c000f0dc        0x0 build/bitmap.o
 .data          0x00000000c000f0dc        0x0 build/thread.o
 .data          0x00000000c000f0dc        0x0 build/list.o
 .data          0x00000000c000f0dc        0x0 build/console.o
 .data          0x00000000c000f0dc        0x0 build/sync.o
 *fill*         0x00000000c000f0dc        0x4 
 .data          0x00000000c000f0e0       0x76 build/keyboard.o
 .data          0x00000000c000f156        0x0 build/ioqueue.o
 .data          0x00000000c000f156        0x0 build/tss.o
 .data          0x00000000c000f156        0x0 build/process.o
 .data          0x00000000c000f156        0x0 build/syscall.o
 .data          0x00000000c000f156        0x0 build/syscall-init.o
 .data          0x00000000c000f156        0x0 build/stdio.o
 .data          0x00000000c000f156        0x0 build/stdio-kernel.o
 .data          0x00000000c000f156        0x0 build/ide.o
 .data          0x00000000c000f156        0x0 build/fs.o
 .data          0x00000000c000f156        0x0 build/dir.o
 .data          0x00000000c000f156        0x0 build/inode.o
 .data          0x00000000c000f156        0x0 build/file.o

.data1
 *(.data1)
                0x00000000c000f156                _edata = .
                [!provide]                        PROVIDE (edata, .)
                0x00000000c000f156                . = .
                0x00000000c000f156                __bss_start = .

.bss            0x00000000c000f160     0x1c40
 *(.dynbss)
 *(.bss .bss.* .gnu.linkonce.b.*)
 .bss           0x00000000c000f160        0x8 build/main.o
                0x00000000c000f160                prog_a_pid
                0x00000000c000f164                prog_b_pid
 .bss           0x00000000c000f168        0x0 build/init.o
 *fill*         0x00000000c000f168       0x18 
 .bss           0x00000000c000f180      0x408 build/interrupt.o
 .bss           0x00000000c000f588        0x0 build/timer.o
 .bss           0x00000000c000f588        0x0 build/debug.o
 .bss           0x00000000c000f588        0x0 build/memory.o
 .bss           0x00000000c000f588        0x0 build/string.o
 .bss           0x00000000c000f588        0x0 build/bitmap.o
 .bss           0x00000000c000f588        0x6 build/thread.o
 .bss           0x00000000c000f58e        0x0 build/list.o
 *fill*         0x00000000c000f58e        0x2 
 .bss           0x00000000c000f590       0x1c build/console.o
 .bss           0x00000000c000f5ac        0x0 build/sync.o
 .bss           0x00000000c000f5ac       0x14 build/keyboard.o
 .bss           0x00000000c000f5c0        0x0 build/ioqueue.o
 .bss           0x00000000c000f5c0       0x6c build/tss.o
 .bss           0x00000000c000f62c        0x0 build/process.o
 .bss           0x00000000c000f62c        0x0 build/syscall.o
 .bss           0x00000000c000f62c        0x0 build/syscall-init.o
 .bss           0x00000000c000f62c        0x0 build/stdio.o
 .bss           0x00000000c000f62c        0x0 build/stdio-kernel.o
 .bss           0x00000000c000f62c        0x6 build/ide.o
                0x00000000c000f62c                ext_lba_base
                0x00000000c000f630                p_no
                0x00000000c000f631                l_no
 .bss           0x00000000c000f632        0x0 build/fs.o
 .bss           0x00000000c000f632        0x0 build/dir.o
 .bss           0x00000000c000f632        0x0 build/inode.o
 .bss           0x00000000c000f632        0x0 build/file.o
 *(COMMON)
 *fill*         0x00000000c000f632        0xe 
 COMMON         0x00000000c000f640      0x424 build/interrupt.o
                0x00000000c000f640                intr_name
                0x00000000c000f860                idt_table
 COMMON         0x00000000c000fa64        0x4 build/timer.o
                0x00000000c000fa64                ticks
 *fill*         0x00000000c000fa68       0x18 
 COMMON         0x00000000c000fa80      0x12c build/memory.o
                0x00000000c000fa80                user_pool
                0x00000000c000fac0                k_block_descs
                0x00000000c000fb68                kernel_vaddr
                0x00000000c000fb80                kernel_pool
 COMMON         0x00000000c000fbac       0x44 build/thread.o
                0x00000000c000fbac                thread_ready_list
                0x00000000c000fbbc                thread_all_list
                0x00000000c000fbcc                idle_thread
                0x00000000c000fbd0                main_thread
                0x00000000c000fbd4                pid_lock
 *fill*         0x00000000c000fbf0       0x10 
 COMMON         0x00000000c000fc00       0x6c build/keyboard.o
                0x00000000c000fc00                kbd_buf
 *fill*         0x00000000c000fc6c       0x14 
 COMMON         0x00000000c000fc80       0x80 build/syscall-init.o
                0x00000000c000fc80                syscall_table
 COMMON         0x00000000c000fd00      0xcf0 build/ide.o
                0x00000000c000fd00                channel_cnt
                0x00000000c000fd20                channels
                0x00000000c00109e0                partition_list
 COMMON         0x00000000c00109f0        0x4 build/fs.o
                0x00000000c00109f0                cur_part
 *fill*         0x00000000c00109f4        0xc 
 COMMON         0x00000000c0010a00      0x208 build/dir.o
                0x00000000c0010a00                root_dir
 *fill*         0x00000000c0010c08       0x18 
 COMMON         0x00000000c0010c20      0x180 build/file.o
                0x00000000c0010c20                file_table
                0x00000000c0010da0                . = ALIGN ((. != 0x0)?0x4:0x1)
                0x00000000c0010da0                . = ALIGN (0x4)
                0x00000000c0010da0                . = SEGMENT_START ("ldata-segment", .)
                0x00000000c0010da0                . = ALIGN (0x4)
                0x00000000c0010da0                _end = .
                [!provide]                        PROVIDE (end, .)
                0x00000000c0010da0                . = DATA_SEGMENT_END (.)

.stab
 *(.stab)

.stabstr
 *(.stabstr)

.stab.excl
 *(.stab.excl)

.stab.exclstr
 *(.stab.exclstr)

.stab.index
 *(.stab.index)

.stab.indexstr
 *(.stab.indexstr)

.comment        0x0000000000000000       0x2d
 *(.comment)
 .comment       0x0000000000000000       0x2d build/main.o
                                         0x2e (size before relaxing)
 .comment       0x000000000000002d       0x2e build/init.o
 .comment       0x000000000000002d       0x2e build/interrupt.o
 .comment       0x000000000000002d       0x2e build/timer.o
 .comment       0x000000000000002d       0x2e build/debug.o
 .comment       0x000000000000002d       0x2e build/memory.o
 .comment       0x000000000000002d       0x2e build/string.o
 .comment       0x000000000000002d       0x2e build/bitmap.o
 .comment       0x000000000000002d       0x2e build/thread.o
 .comment       0x000000000000002d       0x2e build/list.o
 .comment       0x000000000000002d       0x2e build/console.o
 .comment       0x000000000000002d       0x2e build/sync.o
 .comment       0x000000000000002d       0x2e build/keyboard.o
 .comment       0x000000000000002d       0x2e build/ioqueue.o
 .comment       0x000000000000002d       0x2e build/tss.o
 .comment       0x000000000000002d       0x2e build/process.o
 .comment       0x000000000000002d       0x2e build/syscall.o
 .comment       0x000000000000002d       0x2e build/syscall-init.o
 .comment       0x000000000000002d       0x2e build/stdio.o
 .comment       0x000000000000002d       0x2e build/stdio-kernel.o
 .comment       0x000000000000002d       0x2e build/ide.o
 .comment       0x000000000000002d       0x2e build/fs.o
 .comment       0x000000000000002d       0x2e build/dir.o
 .comment       0x000000000000002d       0x2e build/inode.o
 .comment       0x000000000000002d       0x2e build/file.o

.debug
 *(.debug)

.line
 *(.line)

.debug_srcinfo
 *(.debug_srcinfo)

.debug_sfnames
 *(.debug_sfnames)

.debug_aranges
 *(.debug_aranges)

.debug_pubnames
 *(.debug_pubnames)

.debug_info
 *(.debug_info .gnu.linkonce.wi.*)

.debug_abbrev
 *(.debug_abbrev)

.debug_line
 *(.debug_line .debug_line.* .debug_line_end)

.debug_frame
 *(.debug_frame)

.debug_str
 *(.debug_str)

.debug_loc
 *(.debug_loc)

.debug_macinfo
 *(.debug_macinfo)

.debug_weaknames
 *(.debug_weaknames)

.debug_funcnames
 *(.debug_funcnames)

.debug_typenames
 *(.debug_typenames)

.debug_varnames
 *(.debug_varnames)

.debug_pubtypes
 *(.debug_pubtypes)

.debug_ranges
 *(.debug_ranges)

.debug_macro
 *(.debug_macro)

.gnu.attributes
 *(.gnu.attributes)

/DISCARD/
 *(.note.GNU-stack)
 *(.gnu_debuglink)
 *(.gnu.lto_*)
OUTPUT(build/kernel.bin elf32-i386)
